Archive member included because of file (symbol)

/opt/Freescale/KDS_v3/toolchain/bin/../lib/gcc/arm-none-eabi/4.8.4/../../../../arm-none-eabi/lib/armv7e-m/libg_s.a(lib_a-errno.o)
                              ./utilities/fsl_sbrk.o (symbol from plugin) (__errno)
/opt/Freescale/KDS_v3/toolchain/bin/../lib/gcc/arm-none-eabi/4.8.4/../../../../arm-none-eabi/lib/armv7e-m/libg_s.a(lib_a-exit.o)
                              /opt/Freescale/KDS_v3/toolchain/bin/../lib/gcc/arm-none-eabi/4.8.4/../../../../arm-none-eabi/lib/armv7e-m/crt0.o (exit)
/opt/Freescale/KDS_v3/toolchain/bin/../lib/gcc/arm-none-eabi/4.8.4/../../../../arm-none-eabi/lib/armv7e-m/libg_s.a(lib_a-impure.o)
                              /opt/Freescale/KDS_v3/toolchain/bin/../lib/gcc/arm-none-eabi/4.8.4/../../../../arm-none-eabi/lib/armv7e-m/libg_s.a(lib_a-exit.o) (_global_impure_ptr)
/opt/Freescale/KDS_v3/toolchain/bin/../lib/gcc/arm-none-eabi/4.8.4/../../../../arm-none-eabi/lib/armv7e-m/libg_s.a(lib_a-init.o)
                              /opt/Freescale/KDS_v3/toolchain/bin/../lib/gcc/arm-none-eabi/4.8.4/../../../../arm-none-eabi/lib/armv7e-m/crt0.o (__libc_init_array)
/opt/Freescale/KDS_v3/toolchain/bin/../lib/gcc/arm-none-eabi/4.8.4/../../../../arm-none-eabi/lib/armv7e-m/libg_s.a(lib_a-memset.o)
                              /opt/Freescale/KDS_v3/toolchain/bin/../lib/gcc/arm-none-eabi/4.8.4/../../../../arm-none-eabi/lib/armv7e-m/crt0.o (memset)
/opt/Freescale/KDS_v3/toolchain/bin/../lib/gcc/arm-none-eabi/4.8.4/../../../../arm-none-eabi/lib/armv7e-m/libnosys.a(_exit.o)
                              /opt/Freescale/KDS_v3/toolchain/bin/../lib/gcc/arm-none-eabi/4.8.4/../../../../arm-none-eabi/lib/armv7e-m/libg_s.a(lib_a-exit.o) (_exit)
/opt/Freescale/KDS_v3/toolchain/bin/../lib/gcc/arm-none-eabi/4.8.4/armv7e-m/libgcc.a(_arm_addsubdf3.o)
                              /tmp/ccBbafIV.ltrans0.ltrans.o (__aeabi_dsub)
/opt/Freescale/KDS_v3/toolchain/bin/../lib/gcc/arm-none-eabi/4.8.4/armv7e-m/libgcc.a(_arm_muldivdf3.o)
                              /tmp/ccBbafIV.ltrans0.ltrans.o (__aeabi_dmul)
/opt/Freescale/KDS_v3/toolchain/bin/../lib/gcc/arm-none-eabi/4.8.4/armv7e-m/libgcc.a(_arm_cmpdf2.o)
                              /tmp/ccBbafIV.ltrans0.ltrans.o (__aeabi_dcmpeq)
/opt/Freescale/KDS_v3/toolchain/bin/../lib/gcc/arm-none-eabi/4.8.4/armv7e-m/libgcc.a(_arm_fixdfsi.o)
                              /tmp/ccBbafIV.ltrans0.ltrans.o (__aeabi_d2iz)
/opt/Freescale/KDS_v3/toolchain/bin/../lib/gcc/arm-none-eabi/4.8.4/armv7e-m/libgcc.a(_arm_addsubsf3.o)
                              /tmp/ccBbafIV.ltrans0.ltrans.o (__aeabi_ui2f)
/opt/Freescale/KDS_v3/toolchain/bin/../lib/gcc/arm-none-eabi/4.8.4/armv7e-m/libgcc.a(_arm_muldivsf3.o)
                              /tmp/ccBbafIV.ltrans0.ltrans.o (__aeabi_fdiv)
/opt/Freescale/KDS_v3/toolchain/bin/../lib/gcc/arm-none-eabi/4.8.4/armv7e-m/libgcc.a(_fixdfdi.o)
                              /tmp/ccBbafIV.ltrans0.ltrans.o (__aeabi_d2lz)
/opt/Freescale/KDS_v3/toolchain/bin/../lib/gcc/arm-none-eabi/4.8.4/armv7e-m/libgcc.a(_fixunsdfdi.o)
                              /opt/Freescale/KDS_v3/toolchain/bin/../lib/gcc/arm-none-eabi/4.8.4/armv7e-m/libgcc.a(_fixdfdi.o) (__aeabi_d2ulz)
/opt/Freescale/KDS_v3/toolchain/bin/../lib/gcc/arm-none-eabi/4.8.4/armv7e-m/libgcc.a(_arm_fixunsdfsi.o)
                              /opt/Freescale/KDS_v3/toolchain/bin/../lib/gcc/arm-none-eabi/4.8.4/armv7e-m/libgcc.a(_fixunsdfdi.o) (__aeabi_d2uiz)
/opt/Freescale/KDS_v3/toolchain/bin/../lib/gcc/arm-none-eabi/4.8.4/../../../../arm-none-eabi/lib/armv7e-m/libg_s.a(lib_a-s_modf.o)
                              /tmp/ccBbafIV.ltrans0.ltrans.o (modf)
/opt/Freescale/KDS_v3/toolchain/bin/../lib/gcc/arm-none-eabi/4.8.4/../../../../arm-none-eabi/lib/armv7e-m/libg_s.a(lib_a-strlen.o)
                              /tmp/ccBbafIV.ltrans0.ltrans.o (strlen)
/opt/Freescale/KDS_v3/toolchain/bin/../lib/gcc/arm-none-eabi/4.8.4/../../../../arm-none-eabi/lib/armv7e-m/libm.a(lib_a-w_pow.o)
                              /tmp/ccBbafIV.ltrans0.ltrans.o (pow)
/opt/Freescale/KDS_v3/toolchain/bin/../lib/gcc/arm-none-eabi/4.8.4/../../../../arm-none-eabi/lib/armv7e-m/libm.a(lib_a-e_pow.o)
                              /opt/Freescale/KDS_v3/toolchain/bin/../lib/gcc/arm-none-eabi/4.8.4/../../../../arm-none-eabi/lib/armv7e-m/libm.a(lib_a-w_pow.o) (__ieee754_pow)
/opt/Freescale/KDS_v3/toolchain/bin/../lib/gcc/arm-none-eabi/4.8.4/../../../../arm-none-eabi/lib/armv7e-m/libm.a(lib_a-e_sqrt.o)
                              /opt/Freescale/KDS_v3/toolchain/bin/../lib/gcc/arm-none-eabi/4.8.4/../../../../arm-none-eabi/lib/armv7e-m/libm.a(lib_a-e_pow.o) (__ieee754_sqrt)
/opt/Freescale/KDS_v3/toolchain/bin/../lib/gcc/arm-none-eabi/4.8.4/../../../../arm-none-eabi/lib/armv7e-m/libm.a(lib_a-s_fabs.o)
                              /opt/Freescale/KDS_v3/toolchain/bin/../lib/gcc/arm-none-eabi/4.8.4/../../../../arm-none-eabi/lib/armv7e-m/libm.a(lib_a-e_pow.o) (fabs)
/opt/Freescale/KDS_v3/toolchain/bin/../lib/gcc/arm-none-eabi/4.8.4/../../../../arm-none-eabi/lib/armv7e-m/libm.a(lib_a-s_finite.o)
                              /opt/Freescale/KDS_v3/toolchain/bin/../lib/gcc/arm-none-eabi/4.8.4/../../../../arm-none-eabi/lib/armv7e-m/libm.a(lib_a-w_pow.o) (finite)
/opt/Freescale/KDS_v3/toolchain/bin/../lib/gcc/arm-none-eabi/4.8.4/../../../../arm-none-eabi/lib/armv7e-m/libm.a(lib_a-s_fpclassify.o)
                              /opt/Freescale/KDS_v3/toolchain/bin/../lib/gcc/arm-none-eabi/4.8.4/../../../../arm-none-eabi/lib/armv7e-m/libm.a(lib_a-w_pow.o) (__fpclassifyd)
/opt/Freescale/KDS_v3/toolchain/bin/../lib/gcc/arm-none-eabi/4.8.4/../../../../arm-none-eabi/lib/armv7e-m/libm.a(lib_a-s_lib_ver.o)
                              /opt/Freescale/KDS_v3/toolchain/bin/../lib/gcc/arm-none-eabi/4.8.4/../../../../arm-none-eabi/lib/armv7e-m/libm.a(lib_a-w_pow.o) (__fdlib_version)
/opt/Freescale/KDS_v3/toolchain/bin/../lib/gcc/arm-none-eabi/4.8.4/../../../../arm-none-eabi/lib/armv7e-m/libm.a(lib_a-s_matherr.o)
                              /opt/Freescale/KDS_v3/toolchain/bin/../lib/gcc/arm-none-eabi/4.8.4/../../../../arm-none-eabi/lib/armv7e-m/libm.a(lib_a-w_pow.o) (matherr)
/opt/Freescale/KDS_v3/toolchain/bin/../lib/gcc/arm-none-eabi/4.8.4/../../../../arm-none-eabi/lib/armv7e-m/libm.a(lib_a-s_nan.o)
                              /opt/Freescale/KDS_v3/toolchain/bin/../lib/gcc/arm-none-eabi/4.8.4/../../../../arm-none-eabi/lib/armv7e-m/libm.a(lib_a-e_pow.o) (nan)
/opt/Freescale/KDS_v3/toolchain/bin/../lib/gcc/arm-none-eabi/4.8.4/../../../../arm-none-eabi/lib/armv7e-m/libm.a(lib_a-s_rint.o)
                              /opt/Freescale/KDS_v3/toolchain/bin/../lib/gcc/arm-none-eabi/4.8.4/../../../../arm-none-eabi/lib/armv7e-m/libm.a(lib_a-w_pow.o) (rint)
/opt/Freescale/KDS_v3/toolchain/bin/../lib/gcc/arm-none-eabi/4.8.4/../../../../arm-none-eabi/lib/armv7e-m/libm.a(lib_a-s_scalbn.o)
                              /opt/Freescale/KDS_v3/toolchain/bin/../lib/gcc/arm-none-eabi/4.8.4/../../../../arm-none-eabi/lib/armv7e-m/libm.a(lib_a-e_pow.o) (scalbn)
/opt/Freescale/KDS_v3/toolchain/bin/../lib/gcc/arm-none-eabi/4.8.4/../../../../arm-none-eabi/lib/armv7e-m/libm.a(lib_a-s_copysign.o)
                              /opt/Freescale/KDS_v3/toolchain/bin/../lib/gcc/arm-none-eabi/4.8.4/../../../../arm-none-eabi/lib/armv7e-m/libm.a(lib_a-s_scalbn.o) (copysign)

Allocating common symbols
Common symbol       size              file

s_saiHandle         0x8               ./drivers/fsl_sai.o (symbol from plugin)
g_xtal32Freq        0x4               ./drivers/fsl_clock.o (symbol from plugin)
g_xtal0Freq         0x4               ./drivers/fsl_clock.o (symbol from plugin)

Discarded input sections

 .text          0x00000000        0x0 /opt/Freescale/KDS_v3/toolchain/bin/../lib/gcc/arm-none-eabi/4.8.4/armv7e-m/crti.o
 .data          0x00000000        0x0 /opt/Freescale/KDS_v3/toolchain/bin/../lib/gcc/arm-none-eabi/4.8.4/armv7e-m/crti.o
 .bss           0x00000000        0x0 /opt/Freescale/KDS_v3/toolchain/bin/../lib/gcc/arm-none-eabi/4.8.4/armv7e-m/crti.o
 .data          0x00000000        0x4 /opt/Freescale/KDS_v3/toolchain/bin/../lib/gcc/arm-none-eabi/4.8.4/armv7e-m/crtbegin.o
 .data          0x00000000        0x0 /opt/Freescale/KDS_v3/toolchain/bin/../lib/gcc/arm-none-eabi/4.8.4/../../../../arm-none-eabi/lib/armv7e-m/crt0.o
 .bss           0x00000000        0x0 /opt/Freescale/KDS_v3/toolchain/bin/../lib/gcc/arm-none-eabi/4.8.4/../../../../arm-none-eabi/lib/armv7e-m/crt0.o
 .ARM.extab     0x00000000        0x0 /opt/Freescale/KDS_v3/toolchain/bin/../lib/gcc/arm-none-eabi/4.8.4/../../../../arm-none-eabi/lib/armv7e-m/crt0.o
 .text          0x00000000        0x0 ./utilities/fsl_debug_console.o (symbol from plugin)
 .text          0x00000000        0x0 /tmp/ccBbafIV.ltrans0.ltrans.o
 .data          0x00000000        0x0 /tmp/ccBbafIV.ltrans0.ltrans.o
 .bss           0x00000000        0x0 /tmp/ccBbafIV.ltrans0.ltrans.o
 .text.DbgConsole_Putchar.4101
                0x00000000       0x28 /tmp/ccBbafIV.ltrans0.ltrans.o
 .text.unlikely.CLOCK_GetPll0Freq.part.6.4728.4369
                0x00000000       0x1c /tmp/ccBbafIV.ltrans0.ltrans.o
 .rodata.__func__.6778.4943.4462
                0x00000000       0x14 /tmp/ccBbafIV.ltrans0.ltrans.o
 .bss.previous_count.4463
                0x00000000        0x4 /tmp/ccBbafIV.ltrans0.ltrans.o
 .text          0x00000000        0x0 /tmp/ccBbafIV.ltrans1.ltrans.o
 .data          0x00000000        0x0 /tmp/ccBbafIV.ltrans1.ltrans.o
 .bss           0x00000000        0x0 /tmp/ccBbafIV.ltrans1.ltrans.o
 .text          0x00000000        0x0 /tmp/ccBbafIV.ltrans2.ltrans.o
 .data          0x00000000        0x0 /tmp/ccBbafIV.ltrans2.ltrans.o
 .bss           0x00000000        0x0 /tmp/ccBbafIV.ltrans2.ltrans.o
 .data          0x00000000        0x0 /opt/Freescale/KDS_v3/toolchain/bin/../lib/gcc/arm-none-eabi/4.8.4/armv7e-m/libgcc.a(_arm_addsubdf3.o)
 .bss           0x00000000        0x0 /opt/Freescale/KDS_v3/toolchain/bin/../lib/gcc/arm-none-eabi/4.8.4/armv7e-m/libgcc.a(_arm_addsubdf3.o)
 .data          0x00000000        0x0 /opt/Freescale/KDS_v3/toolchain/bin/../lib/gcc/arm-none-eabi/4.8.4/armv7e-m/libgcc.a(_arm_muldivdf3.o)
 .bss           0x00000000        0x0 /opt/Freescale/KDS_v3/toolchain/bin/../lib/gcc/arm-none-eabi/4.8.4/armv7e-m/libgcc.a(_arm_muldivdf3.o)
 .data          0x00000000        0x0 /opt/Freescale/KDS_v3/toolchain/bin/../lib/gcc/arm-none-eabi/4.8.4/armv7e-m/libgcc.a(_arm_cmpdf2.o)
 .bss           0x00000000        0x0 /opt/Freescale/KDS_v3/toolchain/bin/../lib/gcc/arm-none-eabi/4.8.4/armv7e-m/libgcc.a(_arm_cmpdf2.o)
 .data          0x00000000        0x0 /opt/Freescale/KDS_v3/toolchain/bin/../lib/gcc/arm-none-eabi/4.8.4/armv7e-m/libgcc.a(_arm_fixdfsi.o)
 .bss           0x00000000        0x0 /opt/Freescale/KDS_v3/toolchain/bin/../lib/gcc/arm-none-eabi/4.8.4/armv7e-m/libgcc.a(_arm_fixdfsi.o)
 .data          0x00000000        0x0 /opt/Freescale/KDS_v3/toolchain/bin/../lib/gcc/arm-none-eabi/4.8.4/armv7e-m/libgcc.a(_arm_addsubsf3.o)
 .bss           0x00000000        0x0 /opt/Freescale/KDS_v3/toolchain/bin/../lib/gcc/arm-none-eabi/4.8.4/armv7e-m/libgcc.a(_arm_addsubsf3.o)
 .data          0x00000000        0x0 /opt/Freescale/KDS_v3/toolchain/bin/../lib/gcc/arm-none-eabi/4.8.4/armv7e-m/libgcc.a(_arm_muldivsf3.o)
 .bss           0x00000000        0x0 /opt/Freescale/KDS_v3/toolchain/bin/../lib/gcc/arm-none-eabi/4.8.4/armv7e-m/libgcc.a(_arm_muldivsf3.o)
 .data          0x00000000        0x0 /opt/Freescale/KDS_v3/toolchain/bin/../lib/gcc/arm-none-eabi/4.8.4/armv7e-m/libgcc.a(_fixdfdi.o)
 .bss           0x00000000        0x0 /opt/Freescale/KDS_v3/toolchain/bin/../lib/gcc/arm-none-eabi/4.8.4/armv7e-m/libgcc.a(_fixdfdi.o)
 .data          0x00000000        0x0 /opt/Freescale/KDS_v3/toolchain/bin/../lib/gcc/arm-none-eabi/4.8.4/armv7e-m/libgcc.a(_fixunsdfdi.o)
 .bss           0x00000000        0x0 /opt/Freescale/KDS_v3/toolchain/bin/../lib/gcc/arm-none-eabi/4.8.4/armv7e-m/libgcc.a(_fixunsdfdi.o)
 .data          0x00000000        0x0 /opt/Freescale/KDS_v3/toolchain/bin/../lib/gcc/arm-none-eabi/4.8.4/armv7e-m/libgcc.a(_arm_fixunsdfsi.o)
 .bss           0x00000000        0x0 /opt/Freescale/KDS_v3/toolchain/bin/../lib/gcc/arm-none-eabi/4.8.4/armv7e-m/libgcc.a(_arm_fixunsdfsi.o)
 .text          0x00000000        0x0 /opt/Freescale/KDS_v3/toolchain/bin/../lib/gcc/arm-none-eabi/4.8.4/../../../../arm-none-eabi/lib/armv7e-m/libg_s.a(lib_a-s_modf.o)
 .data          0x00000000        0x0 /opt/Freescale/KDS_v3/toolchain/bin/../lib/gcc/arm-none-eabi/4.8.4/../../../../arm-none-eabi/lib/armv7e-m/libg_s.a(lib_a-s_modf.o)
 .bss           0x00000000        0x0 /opt/Freescale/KDS_v3/toolchain/bin/../lib/gcc/arm-none-eabi/4.8.4/../../../../arm-none-eabi/lib/armv7e-m/libg_s.a(lib_a-s_modf.o)
 .text          0x00000000        0x0 /opt/Freescale/KDS_v3/toolchain/bin/../lib/gcc/arm-none-eabi/4.8.4/../../../../arm-none-eabi/lib/armv7e-m/libg_s.a(lib_a-strlen.o)
 .data          0x00000000        0x0 /opt/Freescale/KDS_v3/toolchain/bin/../lib/gcc/arm-none-eabi/4.8.4/../../../../arm-none-eabi/lib/armv7e-m/libg_s.a(lib_a-strlen.o)
 .bss           0x00000000        0x0 /opt/Freescale/KDS_v3/toolchain/bin/../lib/gcc/arm-none-eabi/4.8.4/../../../../arm-none-eabi/lib/armv7e-m/libg_s.a(lib_a-strlen.o)
 .text          0x00000000        0x0 ./utilities/fsl_notifier.o (symbol from plugin)
 .text          0x00000000        0x0 ./utilities/fsl_sbrk.o (symbol from plugin)
 .text          0x00000000        0x0 ./utilities/fsl_shell.o (symbol from plugin)
 .data          0x00000000        0x0 ./startup/startup_MK20D10.o
 .bss           0x00000000        0x0 ./startup/startup_MK20D10.o
 .text          0x00000000        0x0 ./startup/system_MK20D10.o (symbol from plugin)
 .text          0x00000000        0x0 ./source/gpio_ext.o (symbol from plugin)
 .text          0x00000000        0x0 ./source/main.o (symbol from plugin)
 .text          0x00000000        0x0 ./drivers/fsl_clock.o (symbol from plugin)
 .text          0x00000000        0x0 ./drivers/fsl_cmt.o (symbol from plugin)
 .text          0x00000000        0x0 ./drivers/fsl_common.o (symbol from plugin)
 .text          0x00000000        0x0 ./drivers/fsl_crc.o (symbol from plugin)
 .text          0x00000000        0x0 ./drivers/fsl_dac.o (symbol from plugin)
 .text          0x00000000        0x0 ./drivers/fsl_dmamux.o (symbol from plugin)
 .text          0x00000000        0x0 ./drivers/fsl_dspi.o (symbol from plugin)
 .text          0x00000000        0x0 ./drivers/fsl_dspi_edma.o (symbol from plugin)
 .text          0x00000000        0x0 ./drivers/fsl_dspi_freertos.o (symbol from plugin)
 .text          0x00000000        0x0 ./drivers/fsl_edma.o (symbol from plugin)
 .text          0x00000000        0x0 ./drivers/fsl_ewm.o (symbol from plugin)
 .text          0x00000000        0x0 ./drivers/fsl_flash.o (symbol from plugin)
 .text          0x00000000        0x0 ./drivers/fsl_flexbus.o (symbol from plugin)
 .text          0x00000000        0x0 ./drivers/fsl_ftm.o (symbol from plugin)
 .text          0x00000000        0x0 ./drivers/fsl_gpio.o (symbol from plugin)
 .text          0x00000000        0x0 ./drivers/fsl_i2c_edma.o (symbol from plugin)
 .text          0x00000000        0x0 ./drivers/fsl_llwu.o (symbol from plugin)
 .text          0x00000000        0x0 ./drivers/fsl_lptmr.o (symbol from plugin)
 .text          0x00000000        0x0 ./drivers/fsl_pdb.o (symbol from plugin)
 .text          0x00000000        0x0 ./drivers/fsl_pit.o (symbol from plugin)
 .text          0x00000000        0x0 ./drivers/fsl_pmc.o (symbol from plugin)
 .text          0x00000000        0x0 ./drivers/fsl_rcm.o (symbol from plugin)
 .text          0x00000000        0x0 ./drivers/fsl_sai.o (symbol from plugin)
 .text          0x00000000        0x0 ./drivers/fsl_sai_edma.o (symbol from plugin)
 .text          0x00000000        0x0 ./drivers/fsl_sdhc.o (symbol from plugin)
 .text          0x00000000        0x0 ./drivers/fsl_sim.o (symbol from plugin)
 .text          0x00000000        0x0 ./drivers/fsl_smc.o (symbol from plugin)
 .text          0x00000000        0x0 ./drivers/fsl_sysmpu.o (symbol from plugin)
 .text          0x00000000        0x0 ./drivers/fsl_tsi_v2.o (symbol from plugin)
 .text          0x00000000        0x0 ./drivers/fsl_uart.o (symbol from plugin)
 .text          0x00000000        0x0 ./drivers/fsl_uart_edma.o (symbol from plugin)
 .text          0x00000000        0x0 ./drivers/fsl_vref.o (symbol from plugin)
 .text          0x00000000        0x0 ./board/board.o (symbol from plugin)
 .text          0x00000000        0x0 ./board/clock_config.o (symbol from plugin)
 .text          0x00000000        0x0 ./board/pin_mux.o (symbol from plugin)
 .text          0x00000000        0x0 /opt/Freescale/KDS_v3/toolchain/bin/../lib/gcc/arm-none-eabi/4.8.4/../../../../arm-none-eabi/lib/armv7e-m/libg_s.a(lib_a-errno.o)
 .data          0x00000000        0x0 /opt/Freescale/KDS_v3/toolchain/bin/../lib/gcc/arm-none-eabi/4.8.4/../../../../arm-none-eabi/lib/armv7e-m/libg_s.a(lib_a-errno.o)
 .bss           0x00000000        0x0 /opt/Freescale/KDS_v3/toolchain/bin/../lib/gcc/arm-none-eabi/4.8.4/../../../../arm-none-eabi/lib/armv7e-m/libg_s.a(lib_a-errno.o)
 .text          0x00000000        0x0 /opt/Freescale/KDS_v3/toolchain/bin/../lib/gcc/arm-none-eabi/4.8.4/../../../../arm-none-eabi/lib/armv7e-m/libg_s.a(lib_a-exit.o)
 .data          0x00000000        0x0 /opt/Freescale/KDS_v3/toolchain/bin/../lib/gcc/arm-none-eabi/4.8.4/../../../../arm-none-eabi/lib/armv7e-m/libg_s.a(lib_a-exit.o)
 .bss           0x00000000        0x0 /opt/Freescale/KDS_v3/toolchain/bin/../lib/gcc/arm-none-eabi/4.8.4/../../../../arm-none-eabi/lib/armv7e-m/libg_s.a(lib_a-exit.o)
 .text          0x00000000        0x0 /opt/Freescale/KDS_v3/toolchain/bin/../lib/gcc/arm-none-eabi/4.8.4/../../../../arm-none-eabi/lib/armv7e-m/libg_s.a(lib_a-impure.o)
 .data          0x00000000        0x0 /opt/Freescale/KDS_v3/toolchain/bin/../lib/gcc/arm-none-eabi/4.8.4/../../../../arm-none-eabi/lib/armv7e-m/libg_s.a(lib_a-impure.o)
 .bss           0x00000000        0x0 /opt/Freescale/KDS_v3/toolchain/bin/../lib/gcc/arm-none-eabi/4.8.4/../../../../arm-none-eabi/lib/armv7e-m/libg_s.a(lib_a-impure.o)
 .text          0x00000000        0x0 /opt/Freescale/KDS_v3/toolchain/bin/../lib/gcc/arm-none-eabi/4.8.4/../../../../arm-none-eabi/lib/armv7e-m/libg_s.a(lib_a-init.o)
 .data          0x00000000        0x0 /opt/Freescale/KDS_v3/toolchain/bin/../lib/gcc/arm-none-eabi/4.8.4/../../../../arm-none-eabi/lib/armv7e-m/libg_s.a(lib_a-init.o)
 .bss           0x00000000        0x0 /opt/Freescale/KDS_v3/toolchain/bin/../lib/gcc/arm-none-eabi/4.8.4/../../../../arm-none-eabi/lib/armv7e-m/libg_s.a(lib_a-init.o)
 .text          0x00000000        0x0 /opt/Freescale/KDS_v3/toolchain/bin/../lib/gcc/arm-none-eabi/4.8.4/../../../../arm-none-eabi/lib/armv7e-m/libg_s.a(lib_a-memset.o)
 .data          0x00000000        0x0 /opt/Freescale/KDS_v3/toolchain/bin/../lib/gcc/arm-none-eabi/4.8.4/../../../../arm-none-eabi/lib/armv7e-m/libg_s.a(lib_a-memset.o)
 .bss           0x00000000        0x0 /opt/Freescale/KDS_v3/toolchain/bin/../lib/gcc/arm-none-eabi/4.8.4/../../../../arm-none-eabi/lib/armv7e-m/libg_s.a(lib_a-memset.o)
 .text          0x00000000        0x0 /opt/Freescale/KDS_v3/toolchain/bin/../lib/gcc/arm-none-eabi/4.8.4/../../../../arm-none-eabi/lib/armv7e-m/libnosys.a(_exit.o)
 .data          0x00000000        0x0 /opt/Freescale/KDS_v3/toolchain/bin/../lib/gcc/arm-none-eabi/4.8.4/../../../../arm-none-eabi/lib/armv7e-m/libnosys.a(_exit.o)
 .bss           0x00000000        0x0 /opt/Freescale/KDS_v3/toolchain/bin/../lib/gcc/arm-none-eabi/4.8.4/../../../../arm-none-eabi/lib/armv7e-m/libnosys.a(_exit.o)
 .text          0x00000000        0x0 /opt/Freescale/KDS_v3/toolchain/bin/../lib/gcc/arm-none-eabi/4.8.4/armv7e-m/crtend.o
 .data          0x00000000        0x0 /opt/Freescale/KDS_v3/toolchain/bin/../lib/gcc/arm-none-eabi/4.8.4/armv7e-m/crtend.o
 .bss           0x00000000        0x0 /opt/Freescale/KDS_v3/toolchain/bin/../lib/gcc/arm-none-eabi/4.8.4/armv7e-m/crtend.o
 .eh_frame      0x00000000        0x4 /opt/Freescale/KDS_v3/toolchain/bin/../lib/gcc/arm-none-eabi/4.8.4/armv7e-m/crtend.o
 .text          0x00000000        0x0 /opt/Freescale/KDS_v3/toolchain/bin/../lib/gcc/arm-none-eabi/4.8.4/armv7e-m/crtn.o
 .data          0x00000000        0x0 /opt/Freescale/KDS_v3/toolchain/bin/../lib/gcc/arm-none-eabi/4.8.4/armv7e-m/crtn.o
 .bss           0x00000000        0x0 /opt/Freescale/KDS_v3/toolchain/bin/../lib/gcc/arm-none-eabi/4.8.4/armv7e-m/crtn.o
 .text          0x00000000        0x0 /opt/Freescale/KDS_v3/toolchain/bin/../lib/gcc/arm-none-eabi/4.8.4/../../../../arm-none-eabi/lib/armv7e-m/libm.a(lib_a-w_pow.o)
 .data          0x00000000        0x0 /opt/Freescale/KDS_v3/toolchain/bin/../lib/gcc/arm-none-eabi/4.8.4/../../../../arm-none-eabi/lib/armv7e-m/libm.a(lib_a-w_pow.o)
 .bss           0x00000000        0x0 /opt/Freescale/KDS_v3/toolchain/bin/../lib/gcc/arm-none-eabi/4.8.4/../../../../arm-none-eabi/lib/armv7e-m/libm.a(lib_a-w_pow.o)
 .text          0x00000000        0x0 /opt/Freescale/KDS_v3/toolchain/bin/../lib/gcc/arm-none-eabi/4.8.4/../../../../arm-none-eabi/lib/armv7e-m/libm.a(lib_a-e_pow.o)
 .data          0x00000000        0x0 /opt/Freescale/KDS_v3/toolchain/bin/../lib/gcc/arm-none-eabi/4.8.4/../../../../arm-none-eabi/lib/armv7e-m/libm.a(lib_a-e_pow.o)
 .bss           0x00000000        0x0 /opt/Freescale/KDS_v3/toolchain/bin/../lib/gcc/arm-none-eabi/4.8.4/../../../../arm-none-eabi/lib/armv7e-m/libm.a(lib_a-e_pow.o)
 .text          0x00000000        0x0 /opt/Freescale/KDS_v3/toolchain/bin/../lib/gcc/arm-none-eabi/4.8.4/../../../../arm-none-eabi/lib/armv7e-m/libm.a(lib_a-e_sqrt.o)
 .data          0x00000000        0x0 /opt/Freescale/KDS_v3/toolchain/bin/../lib/gcc/arm-none-eabi/4.8.4/../../../../arm-none-eabi/lib/armv7e-m/libm.a(lib_a-e_sqrt.o)
 .bss           0x00000000        0x0 /opt/Freescale/KDS_v3/toolchain/bin/../lib/gcc/arm-none-eabi/4.8.4/../../../../arm-none-eabi/lib/armv7e-m/libm.a(lib_a-e_sqrt.o)
 .text          0x00000000        0x0 /opt/Freescale/KDS_v3/toolchain/bin/../lib/gcc/arm-none-eabi/4.8.4/../../../../arm-none-eabi/lib/armv7e-m/libm.a(lib_a-s_fabs.o)
 .data          0x00000000        0x0 /opt/Freescale/KDS_v3/toolchain/bin/../lib/gcc/arm-none-eabi/4.8.4/../../../../arm-none-eabi/lib/armv7e-m/libm.a(lib_a-s_fabs.o)
 .bss           0x00000000        0x0 /opt/Freescale/KDS_v3/toolchain/bin/../lib/gcc/arm-none-eabi/4.8.4/../../../../arm-none-eabi/lib/armv7e-m/libm.a(lib_a-s_fabs.o)
 .text          0x00000000        0x0 /opt/Freescale/KDS_v3/toolchain/bin/../lib/gcc/arm-none-eabi/4.8.4/../../../../arm-none-eabi/lib/armv7e-m/libm.a(lib_a-s_finite.o)
 .data          0x00000000        0x0 /opt/Freescale/KDS_v3/toolchain/bin/../lib/gcc/arm-none-eabi/4.8.4/../../../../arm-none-eabi/lib/armv7e-m/libm.a(lib_a-s_finite.o)
 .bss           0x00000000        0x0 /opt/Freescale/KDS_v3/toolchain/bin/../lib/gcc/arm-none-eabi/4.8.4/../../../../arm-none-eabi/lib/armv7e-m/libm.a(lib_a-s_finite.o)
 .text          0x00000000        0x0 /opt/Freescale/KDS_v3/toolchain/bin/../lib/gcc/arm-none-eabi/4.8.4/../../../../arm-none-eabi/lib/armv7e-m/libm.a(lib_a-s_fpclassify.o)
 .data          0x00000000        0x0 /opt/Freescale/KDS_v3/toolchain/bin/../lib/gcc/arm-none-eabi/4.8.4/../../../../arm-none-eabi/lib/armv7e-m/libm.a(lib_a-s_fpclassify.o)
 .bss           0x00000000        0x0 /opt/Freescale/KDS_v3/toolchain/bin/../lib/gcc/arm-none-eabi/4.8.4/../../../../arm-none-eabi/lib/armv7e-m/libm.a(lib_a-s_fpclassify.o)
 .text          0x00000000        0x0 /opt/Freescale/KDS_v3/toolchain/bin/../lib/gcc/arm-none-eabi/4.8.4/../../../../arm-none-eabi/lib/armv7e-m/libm.a(lib_a-s_lib_ver.o)
 .data          0x00000000        0x0 /opt/Freescale/KDS_v3/toolchain/bin/../lib/gcc/arm-none-eabi/4.8.4/../../../../arm-none-eabi/lib/armv7e-m/libm.a(lib_a-s_lib_ver.o)
 .bss           0x00000000        0x0 /opt/Freescale/KDS_v3/toolchain/bin/../lib/gcc/arm-none-eabi/4.8.4/../../../../arm-none-eabi/lib/armv7e-m/libm.a(lib_a-s_lib_ver.o)
 .text          0x00000000        0x0 /opt/Freescale/KDS_v3/toolchain/bin/../lib/gcc/arm-none-eabi/4.8.4/../../../../arm-none-eabi/lib/armv7e-m/libm.a(lib_a-s_matherr.o)
 .data          0x00000000        0x0 /opt/Freescale/KDS_v3/toolchain/bin/../lib/gcc/arm-none-eabi/4.8.4/../../../../arm-none-eabi/lib/armv7e-m/libm.a(lib_a-s_matherr.o)
 .bss           0x00000000        0x0 /opt/Freescale/KDS_v3/toolchain/bin/../lib/gcc/arm-none-eabi/4.8.4/../../../../arm-none-eabi/lib/armv7e-m/libm.a(lib_a-s_matherr.o)
 .text          0x00000000        0x0 /opt/Freescale/KDS_v3/toolchain/bin/../lib/gcc/arm-none-eabi/4.8.4/../../../../arm-none-eabi/lib/armv7e-m/libm.a(lib_a-s_nan.o)
 .data          0x00000000        0x0 /opt/Freescale/KDS_v3/toolchain/bin/../lib/gcc/arm-none-eabi/4.8.4/../../../../arm-none-eabi/lib/armv7e-m/libm.a(lib_a-s_nan.o)
 .bss           0x00000000        0x0 /opt/Freescale/KDS_v3/toolchain/bin/../lib/gcc/arm-none-eabi/4.8.4/../../../../arm-none-eabi/lib/armv7e-m/libm.a(lib_a-s_nan.o)
 .text          0x00000000        0x0 /opt/Freescale/KDS_v3/toolchain/bin/../lib/gcc/arm-none-eabi/4.8.4/../../../../arm-none-eabi/lib/armv7e-m/libm.a(lib_a-s_rint.o)
 .data          0x00000000        0x0 /opt/Freescale/KDS_v3/toolchain/bin/../lib/gcc/arm-none-eabi/4.8.4/../../../../arm-none-eabi/lib/armv7e-m/libm.a(lib_a-s_rint.o)
 .bss           0x00000000        0x0 /opt/Freescale/KDS_v3/toolchain/bin/../lib/gcc/arm-none-eabi/4.8.4/../../../../arm-none-eabi/lib/armv7e-m/libm.a(lib_a-s_rint.o)
 .text          0x00000000        0x0 /opt/Freescale/KDS_v3/toolchain/bin/../lib/gcc/arm-none-eabi/4.8.4/../../../../arm-none-eabi/lib/armv7e-m/libm.a(lib_a-s_scalbn.o)
 .data          0x00000000        0x0 /opt/Freescale/KDS_v3/toolchain/bin/../lib/gcc/arm-none-eabi/4.8.4/../../../../arm-none-eabi/lib/armv7e-m/libm.a(lib_a-s_scalbn.o)
 .bss           0x00000000        0x0 /opt/Freescale/KDS_v3/toolchain/bin/../lib/gcc/arm-none-eabi/4.8.4/../../../../arm-none-eabi/lib/armv7e-m/libm.a(lib_a-s_scalbn.o)
 .text          0x00000000        0x0 /opt/Freescale/KDS_v3/toolchain/bin/../lib/gcc/arm-none-eabi/4.8.4/../../../../arm-none-eabi/lib/armv7e-m/libm.a(lib_a-s_copysign.o)
 .data          0x00000000        0x0 /opt/Freescale/KDS_v3/toolchain/bin/../lib/gcc/arm-none-eabi/4.8.4/../../../../arm-none-eabi/lib/armv7e-m/libm.a(lib_a-s_copysign.o)
 .bss           0x00000000        0x0 /opt/Freescale/KDS_v3/toolchain/bin/../lib/gcc/arm-none-eabi/4.8.4/../../../../arm-none-eabi/lib/armv7e-m/libm.a(lib_a-s_copysign.o)

Memory Configuration

Name             Origin             Length             Attributes
m_interrupts     0x00000000         0x00000400         xr
m_flash_config   0x00000400         0x00000010         xr
m_fw_version     0x00000410         0x00000004         xr
m_text           0x00000414         0x0007fbec         xr
m_data           0x1fff0000         0x00010000         rw
m_data_2         0x20000000         0x00010000         rw
*default*        0x00000000         0xffffffff

Linker script and memory map

LOAD /opt/Freescale/KDS_v3/toolchain/bin/../lib/gcc/arm-none-eabi/4.8.4/armv7e-m/crti.o
LOAD /opt/Freescale/KDS_v3/toolchain/bin/../lib/gcc/arm-none-eabi/4.8.4/armv7e-m/crtbegin.o
LOAD /opt/Freescale/KDS_v3/toolchain/bin/../lib/gcc/arm-none-eabi/4.8.4/../../../../arm-none-eabi/lib/armv7e-m/crt0.o
LOAD ./utilities/fsl_debug_console.o
LOAD /tmp/ccBbafIV.ltrans0.ltrans.o
LOAD /tmp/ccBbafIV.ltrans1.ltrans.o
LOAD /tmp/ccBbafIV.ltrans2.ltrans.o
LOAD /opt/Freescale/KDS_v3/toolchain/bin/../lib/gcc/arm-none-eabi/4.8.4/armv7e-m/libgcc.a
LOAD /opt/Freescale/KDS_v3/toolchain/bin/../lib/gcc/arm-none-eabi/4.8.4/../../../../arm-none-eabi/lib/armv7e-m/libg_s.a
LOAD /opt/Freescale/KDS_v3/toolchain/bin/../lib/gcc/arm-none-eabi/4.8.4/../../../../arm-none-eabi/lib/armv7e-m/libc_s.a
LOAD /opt/Freescale/KDS_v3/toolchain/bin/../lib/gcc/arm-none-eabi/4.8.4/armv7e-m/libgcc.a
LOAD /opt/Freescale/KDS_v3/toolchain/bin/../lib/gcc/arm-none-eabi/4.8.4/../../../../arm-none-eabi/lib/armv7e-m/libc_s.a
LOAD /opt/Freescale/KDS_v3/toolchain/bin/../lib/gcc/arm-none-eabi/4.8.4/../../../../arm-none-eabi/lib/armv7e-m/libnosys.a
LOAD /opt/Freescale/KDS_v3/toolchain/bin/../lib/gcc/arm-none-eabi/4.8.4/armv7e-m/libgcc.a
LOAD /opt/Freescale/KDS_v3/toolchain/bin/../lib/gcc/arm-none-eabi/4.8.4/../../../../arm-none-eabi/lib/armv7e-m/libc_s.a
LOAD /opt/Freescale/KDS_v3/toolchain/bin/../lib/gcc/arm-none-eabi/4.8.4/../../../../arm-none-eabi/lib/armv7e-m/libnosys.a
LOAD ./utilities/fsl_notifier.o
LOAD ./utilities/fsl_sbrk.o
LOAD ./utilities/fsl_shell.o
LOAD ./startup/startup_MK20D10.o
LOAD ./startup/system_MK20D10.o
LOAD ./source/gpio_ext.o
LOAD ./source/main.o
LOAD ./drivers/fsl_clock.o
LOAD ./drivers/fsl_cmt.o
LOAD ./drivers/fsl_common.o
LOAD ./drivers/fsl_crc.o
LOAD ./drivers/fsl_dac.o
LOAD ./drivers/fsl_dmamux.o
LOAD ./drivers/fsl_dspi.o
LOAD ./drivers/fsl_dspi_edma.o
LOAD ./drivers/fsl_dspi_freertos.o
LOAD ./drivers/fsl_edma.o
LOAD ./drivers/fsl_ewm.o
LOAD ./drivers/fsl_flash.o
LOAD ./drivers/fsl_flexbus.o
LOAD ./drivers/fsl_ftm.o
LOAD ./drivers/fsl_gpio.o
LOAD ./drivers/fsl_i2c_edma.o
LOAD ./drivers/fsl_llwu.o
LOAD ./drivers/fsl_lptmr.o
LOAD ./drivers/fsl_pdb.o
LOAD ./drivers/fsl_pit.o
LOAD ./drivers/fsl_pmc.o
LOAD ./drivers/fsl_rcm.o
LOAD ./drivers/fsl_sai.o
LOAD ./drivers/fsl_sai_edma.o
LOAD ./drivers/fsl_sdhc.o
LOAD ./drivers/fsl_sim.o
LOAD ./drivers/fsl_smc.o
LOAD ./drivers/fsl_sysmpu.o
LOAD ./drivers/fsl_tsi_v2.o
LOAD ./drivers/fsl_uart.o
LOAD ./drivers/fsl_uart_edma.o
LOAD ./drivers/fsl_vref.o
LOAD ./board/board.o
LOAD ./board/clock_config.o
LOAD ./board/pin_mux.o
LOAD /opt/Freescale/KDS_v3/toolchain/bin/../lib/gcc/arm-none-eabi/4.8.4/../../../../arm-none-eabi/lib/armv7e-m/libstdc++_s.a
LOAD /opt/Freescale/KDS_v3/toolchain/bin/../lib/gcc/arm-none-eabi/4.8.4/../../../../arm-none-eabi/lib/armv7e-m/libm.a
START GROUP
LOAD /opt/Freescale/KDS_v3/toolchain/bin/../lib/gcc/arm-none-eabi/4.8.4/armv7e-m/libgcc.a
LOAD /opt/Freescale/KDS_v3/toolchain/bin/../lib/gcc/arm-none-eabi/4.8.4/../../../../arm-none-eabi/lib/armv7e-m/libg_s.a
LOAD /opt/Freescale/KDS_v3/toolchain/bin/../lib/gcc/arm-none-eabi/4.8.4/../../../../arm-none-eabi/lib/armv7e-m/libc_s.a
END GROUP
START GROUP
LOAD /opt/Freescale/KDS_v3/toolchain/bin/../lib/gcc/arm-none-eabi/4.8.4/armv7e-m/libgcc.a
LOAD /opt/Freescale/KDS_v3/toolchain/bin/../lib/gcc/arm-none-eabi/4.8.4/../../../../arm-none-eabi/lib/armv7e-m/libc_s.a
LOAD /opt/Freescale/KDS_v3/toolchain/bin/../lib/gcc/arm-none-eabi/4.8.4/../../../../arm-none-eabi/lib/armv7e-m/libnosys.a
END GROUP
START GROUP
LOAD /opt/Freescale/KDS_v3/toolchain/bin/../lib/gcc/arm-none-eabi/4.8.4/armv7e-m/libgcc.a
LOAD /opt/Freescale/KDS_v3/toolchain/bin/../lib/gcc/arm-none-eabi/4.8.4/../../../../arm-none-eabi/lib/armv7e-m/libc_s.a
LOAD /opt/Freescale/KDS_v3/toolchain/bin/../lib/gcc/arm-none-eabi/4.8.4/../../../../arm-none-eabi/lib/armv7e-m/libnosys.a
END GROUP
LOAD /opt/Freescale/KDS_v3/toolchain/bin/../lib/gcc/arm-none-eabi/4.8.4/armv7e-m/crtend.o
LOAD /opt/Freescale/KDS_v3/toolchain/bin/../lib/gcc/arm-none-eabi/4.8.4/armv7e-m/crtn.o
                0x00000400                HEAP_SIZE = DEFINED (__heap_size__)?__heap_size__:0x400
                0x00000400                STACK_SIZE = DEFINED (__stack_size__)?__stack_size__:0x400
                0x00000000                M_VECTOR_RAM_SIZE = DEFINED (__ram_vector_table__)?0x400:0x0

.interrupts     0x00000000      0x400
                0x00000000                __VECTOR_TABLE = .
                0x00000000                . = ALIGN (0x4)
 *(.isr_vector)
 .isr_vector    0x00000000      0x400 ./startup/startup_MK20D10.o
                0x00000000                __isr_vector
                0x00000400                . = ALIGN (0x4)

.flash_config   0x00000400       0x10
                0x00000400                . = ALIGN (0x4)
 *(.FlashConfig)
 .FlashConfig   0x00000400       0x10 ./startup/startup_MK20D10.o
                0x00000410                . = ALIGN (0x4)

.fw_config
 *(.FwVersion)

.text           0x00000418     0x3f00
                0x00000418                . = ALIGN (0x4)
 *(.text)
 .text          0x00000418       0x54 /opt/Freescale/KDS_v3/toolchain/bin/../lib/gcc/arm-none-eabi/4.8.4/armv7e-m/crtbegin.o
 .text          0x0000046c       0x74 /opt/Freescale/KDS_v3/toolchain/bin/../lib/gcc/arm-none-eabi/4.8.4/../../../../arm-none-eabi/lib/armv7e-m/crt0.o
                0x0000046c                _mainCRTStartup
                0x0000046c                _start
 .text          0x000004e0      0x370 /opt/Freescale/KDS_v3/toolchain/bin/../lib/gcc/arm-none-eabi/4.8.4/armv7e-m/libgcc.a(_arm_addsubdf3.o)
                0x000004e0                __aeabi_drsub
                0x000004e8                __aeabi_dsub
                0x000004e8                __subdf3
                0x000004ec                __adddf3
                0x000004ec                __aeabi_dadd
                0x00000764                __aeabi_ui2d
                0x00000764                __floatunsidf
                0x00000784                __floatsidf
                0x00000784                __aeabi_i2d
                0x000007a8                __extendsfdf2
                0x000007a8                __aeabi_f2d
                0x000007e4                __aeabi_ul2d
                0x000007e4                __floatundidf
                0x000007f4                __floatdidf
                0x000007f4                __aeabi_l2d
 .text          0x00000850      0x424 /opt/Freescale/KDS_v3/toolchain/bin/../lib/gcc/arm-none-eabi/4.8.4/armv7e-m/libgcc.a(_arm_muldivdf3.o)
                0x00000850                __aeabi_dmul
                0x00000850                __muldf3
                0x00000aa4                __aeabi_ddiv
                0x00000aa4                __divdf3
 .text          0x00000c74      0x110 /opt/Freescale/KDS_v3/toolchain/bin/../lib/gcc/arm-none-eabi/4.8.4/armv7e-m/libgcc.a(_arm_cmpdf2.o)
                0x00000c74                __gtdf2
                0x00000c74                __gedf2
                0x00000c7c                __ltdf2
                0x00000c7c                __ledf2
                0x00000c84                __cmpdf2
                0x00000c84                __eqdf2
                0x00000c84                __nedf2
                0x00000d00                __aeabi_cdrcmple
                0x00000d10                __aeabi_cdcmple
                0x00000d10                __aeabi_cdcmpeq
                0x00000d20                __aeabi_dcmpeq
                0x00000d34                __aeabi_dcmplt
                0x00000d48                __aeabi_dcmple
                0x00000d5c                __aeabi_dcmpge
                0x00000d70                __aeabi_dcmpgt
 .text          0x00000d84       0x50 /opt/Freescale/KDS_v3/toolchain/bin/../lib/gcc/arm-none-eabi/4.8.4/armv7e-m/libgcc.a(_arm_fixdfsi.o)
                0x00000d84                __fixdfsi
                0x00000d84                __aeabi_d2iz
 .text          0x00000dd4      0x21c /opt/Freescale/KDS_v3/toolchain/bin/../lib/gcc/arm-none-eabi/4.8.4/armv7e-m/libgcc.a(_arm_addsubsf3.o)
                0x00000dd4                __aeabi_frsub
                0x00000ddc                __subsf3
                0x00000ddc                __aeabi_fsub
                0x00000de0                __aeabi_fadd
                0x00000de0                __addsf3
                0x00000f40                __aeabi_ui2f
                0x00000f40                __floatunsisf
                0x00000f48                __aeabi_i2f
                0x00000f48                __floatsisf
                0x00000f64                __floatundisf
                0x00000f64                __aeabi_ul2f
                0x00000f74                __floatdisf
                0x00000f74                __aeabi_l2f
 .text          0x00000ff0      0x2a0 /opt/Freescale/KDS_v3/toolchain/bin/../lib/gcc/arm-none-eabi/4.8.4/armv7e-m/libgcc.a(_arm_muldivsf3.o)
                0x00000ff0                __mulsf3
                0x00000ff0                __aeabi_fmul
                0x00001158                __divsf3
                0x00001158                __aeabi_fdiv
 .text          0x00001290       0x30 /opt/Freescale/KDS_v3/toolchain/bin/../lib/gcc/arm-none-eabi/4.8.4/armv7e-m/libgcc.a(_fixdfdi.o)
                0x00001290                __aeabi_d2lz
                0x00001290                __fixdfdi
 .text          0x000012c0       0x44 /opt/Freescale/KDS_v3/toolchain/bin/../lib/gcc/arm-none-eabi/4.8.4/armv7e-m/libgcc.a(_fixunsdfdi.o)
                0x000012c0                __aeabi_d2ulz
                0x000012c0                __fixunsdfdi
 .text          0x00001304       0x40 /opt/Freescale/KDS_v3/toolchain/bin/../lib/gcc/arm-none-eabi/4.8.4/armv7e-m/libgcc.a(_arm_fixunsdfsi.o)
                0x00001304                __fixunsdfsi
                0x00001304                __aeabi_d2uiz
 .text          0x00001344      0x1dc ./startup/startup_MK20D10.o
                0x00001344                Reset_Handler
                0x0000138c                Reserved111_IRQHandler
                0x0000138c                DebugMon_Handler
                0x0000138c                DMA_Error_DriverIRQHandler
                0x0000138c                Reserved114_IRQHandler
                0x0000138c                Reserved59_IRQHandler
                0x0000138c                PIT0_IRQHandler
                0x0000138c                Reserved119_IRQHandler
                0x0000138c                CMP2_IRQHandler
                0x0000138c                LLWU_IRQHandler
                0x0000138c                Reserved116_IRQHandler
                0x0000138c                TSI0_IRQHandler
                0x0000138c                Reserved92_IRQHandler
                0x0000138c                SWI_IRQHandler
                0x0000138c                ADC0_IRQHandler
                0x0000138c                Reserved39_IRQHandler
                0x0000138c                UsageFault_Handler
                0x0000138c                CMT_IRQHandler
                0x0000138c                DefaultISR
                0x0000138c                UART5_ERR_DriverIRQHandler
                0x0000138c                CMP1_IRQHandler
                0x0000138c                PORTD_IRQHandler
                0x0000138c                PORTB_IRQHandler
                0x0000138c                UART2_ERR_DriverIRQHandler
                0x0000138c                ADC1_IRQHandler
                0x0000138c                PIT2_IRQHandler
                0x0000138c                RTC_IRQHandler
                0x0000138c                UART3_ERR_DriverIRQHandler
                0x0000138c                PDB0_IRQHandler
                0x0000138c                FTM1_IRQHandler
                0x0000138c                Reserved95_IRQHandler
                0x0000138c                PIT3_IRQHandler
                0x0000138c                RTC_Seconds_IRQHandler
                0x0000138c                MCG_IRQHandler
                0x0000138c                Reserved108_IRQHandler
                0x0000138c                UART0_ERR_DriverIRQHandler
                0x0000138c                Reserved117_IRQHandler
                0x0000138c                Read_Collision_IRQHandler
                0x0000138c                Reserved102_IRQHandler
                0x0000138c                USBDCD_IRQHandler
                0x0000138c                USB0_IRQHandler
                0x0000138c                UART4_ERR_DriverIRQHandler
                0x0000138c                WDOG_EWM_IRQHandler
                0x0000138c                MemManage_Handler
                0x0000138c                Reserved115_IRQHandler
                0x0000138c                UART0_LON_DriverIRQHandler
                0x0000138c                Reserved109_IRQHandler
                0x0000138c                I2C1_DriverIRQHandler
                0x0000138c                Reserved91_IRQHandler
                0x0000138c                DAC0_IRQHandler
                0x0000138c                Reserved118_IRQHandler
                0x0000138c                Reserved94_IRQHandler
                0x0000138c                Reserved112_IRQHandler
                0x0000138c                PIT1_IRQHandler
                0x0000138c                LVD_LVW_IRQHandler
                0x0000138c                PORTA_IRQHandler
                0x0000138c                DAC1_IRQHandler
                0x0000138c                MCM_IRQHandler
                0x0000138c                CAN0_DriverIRQHandler
                0x0000138c                FTFL_IRQHandler
                0x0000138c                PORTE_IRQHandler
                0x0000138c                FTM2_IRQHandler
                0x0000138c                LPTMR0_IRQHandler
                0x0000138c                BusFault_Handler
                0x0000138c                UART1_ERR_DriverIRQHandler
                0x0000138c                Reserved93_IRQHandler
                0x0000138c                I2C0_DriverIRQHandler
                0x0000138c                CAN1_DriverIRQHandler
                0x0000138c                CMP0_IRQHandler
                0x0000138c                PORTC_IRQHandler
                0x0000138c                Reserved113_IRQHandler
                0x00001390                NMI_Handler
                0x00001394                HardFault_Handler
                0x00001398                SVC_Handler
                0x0000139c                PendSV_Handler
                0x000013a0                SysTick_Handler
                0x000013a4                DMA0_IRQHandler
                0x000013a8                DMA1_IRQHandler
                0x000013ac                DMA2_IRQHandler
                0x000013b0                DMA3_IRQHandler
                0x000013b4                DMA4_IRQHandler
                0x000013b8                DMA5_IRQHandler
                0x000013bc                DMA6_IRQHandler
                0x000013c0                DMA7_IRQHandler
                0x000013c4                DMA8_IRQHandler
                0x000013c8                DMA9_IRQHandler
                0x000013cc                DMA10_IRQHandler
                0x000013d0                DMA11_IRQHandler
                0x000013d4                DMA12_IRQHandler
                0x000013d8                DMA13_IRQHandler
                0x000013dc                DMA14_IRQHandler
                0x000013e0                DMA15_IRQHandler
                0x000013e4                DMA_Error_IRQHandler
                0x000013e8                I2C0_IRQHandler
                0x000013ec                I2C1_IRQHandler
                0x000013f0                SPI0_IRQHandler
                0x000013f4                SPI1_IRQHandler
                0x000013f8                SPI2_IRQHandler
                0x000013fc                CAN0_ORed_Message_buffer_IRQHandler
                0x00001400                CAN0_Bus_Off_IRQHandler
                0x00001404                CAN0_Error_IRQHandler
                0x00001408                CAN0_Tx_Warning_IRQHandler
                0x0000140c                CAN0_Rx_Warning_IRQHandler
                0x00001410                CAN0_Wake_Up_IRQHandler
                0x00001414                I2S0_Tx_IRQHandler
                0x00001418                I2S0_Rx_IRQHandler
                0x0000141c                CAN1_ORed_Message_buffer_IRQHandler
                0x00001420                CAN1_Bus_Off_IRQHandler
                0x00001424                CAN1_Error_IRQHandler
                0x00001428                CAN1_Tx_Warning_IRQHandler
                0x0000142c                CAN1_Rx_Warning_IRQHandler
                0x00001430                CAN1_Wake_Up_IRQHandler
                0x00001434                UART0_LON_IRQHandler
                0x00001438                UART0_RX_TX_IRQHandler
                0x0000143c                UART0_ERR_IRQHandler
                0x00001440                UART1_RX_TX_IRQHandler
                0x00001444                UART1_ERR_IRQHandler
                0x00001448                UART2_RX_TX_IRQHandler
                0x0000144c                UART2_ERR_IRQHandler
                0x00001450                UART3_RX_TX_IRQHandler
                0x00001454                UART3_ERR_IRQHandler
                0x00001458                UART4_RX_TX_IRQHandler
                0x0000145c                UART4_ERR_IRQHandler
                0x00001460                UART5_RX_TX_IRQHandler
                0x00001464                UART5_ERR_IRQHandler
                0x00001468                SDHC_IRQHandler
 *(.text*)
 .text.UART_WriteBlocking.4195
                0x00001520       0x18 /tmp/ccBbafIV.ltrans0.ltrans.o
 .text.DbgConsole_Printf.4379
                0x00001538      0x67c /tmp/ccBbafIV.ltrans0.ltrans.o
 .text.FTM0_IRQHandler
                0x00001bb4       0x2c /tmp/ccBbafIV.ltrans0.ltrans.o
                0x00001bb4                FTM0_IRQHandler
 .text.SystemInit
                0x00001be0       0x1c /tmp/ccBbafIV.ltrans0.ltrans.o
                0x00001be0                SystemInit
 .text.unlikely.__assert_func
                0x00001bfc       0x1c /tmp/ccBbafIV.ltrans0.ltrans.o
                0x00001bfc                __assert_func
 .text.UART_ReadBlocking.4257
                0x00001c18       0x74 /tmp/ccBbafIV.ltrans0.ltrans.o
 .text.unlikely.CLOCK_GetMcgExtClkFreq.part.1.4712.4367
                0x00001c8c       0x1c /tmp/ccBbafIV.ltrans0.ltrans.o
 .text.CLOCK_GetMcgExtClkFreq.4714.4291
                0x00001ca8       0x38 /tmp/ccBbafIV.ltrans0.ltrans.o
 .text.CLOCK_GetFixedFreqClkFreq.4363
                0x00001ce0      0x1ac /tmp/ccBbafIV.ltrans0.ltrans.o
 .text.startup.main
                0x00001e8c      0x5dc /tmp/ccBbafIV.ltrans0.ltrans.o
                0x00001e8c                main
 .text.DMA7_DriverIRQHandler
                0x00002468       0xb8 /tmp/ccBbafIV.ltrans1.ltrans.o
                0x00002468                DMA7_DriverIRQHandler
 .text.DMA6_DriverIRQHandler
                0x00002520       0xb8 /tmp/ccBbafIV.ltrans1.ltrans.o
                0x00002520                DMA6_DriverIRQHandler
 .text.DMA5_DriverIRQHandler
                0x000025d8       0xb8 /tmp/ccBbafIV.ltrans1.ltrans.o
                0x000025d8                DMA5_DriverIRQHandler
 .text.DMA4_DriverIRQHandler
                0x00002690       0xb8 /tmp/ccBbafIV.ltrans1.ltrans.o
                0x00002690                DMA4_DriverIRQHandler
 .text.DMA3_DriverIRQHandler
                0x00002748       0xb8 /tmp/ccBbafIV.ltrans1.ltrans.o
                0x00002748                DMA3_DriverIRQHandler
 .text.DMA2_DriverIRQHandler
                0x00002800       0xb8 /tmp/ccBbafIV.ltrans1.ltrans.o
                0x00002800                DMA2_DriverIRQHandler
 .text.DMA1_DriverIRQHandler
                0x000028b8       0xb8 /tmp/ccBbafIV.ltrans1.ltrans.o
                0x000028b8                DMA1_DriverIRQHandler
 .text.DMA0_DriverIRQHandler
                0x00002970       0xb8 /tmp/ccBbafIV.ltrans1.ltrans.o
                0x00002970                DMA0_DriverIRQHandler
 .text.SPI2_DriverIRQHandler
                0x00002a28       0x1c /tmp/ccBbafIV.ltrans1.ltrans.o
                0x00002a28                SPI2_DriverIRQHandler
 .text.SPI1_DriverIRQHandler
                0x00002a44       0x1c /tmp/ccBbafIV.ltrans1.ltrans.o
                0x00002a44                SPI1_DriverIRQHandler
 .text.SPI0_DriverIRQHandler
                0x00002a60       0x1c /tmp/ccBbafIV.ltrans1.ltrans.o
                0x00002a60                SPI0_DriverIRQHandler
 .text.UART5_RX_TX_DriverIRQHandler
                0x00002a7c       0x18 /tmp/ccBbafIV.ltrans2.ltrans.o
                0x00002a7c                UART5_RX_TX_DriverIRQHandler
 .text.UART4_RX_TX_DriverIRQHandler
                0x00002a94       0x18 /tmp/ccBbafIV.ltrans2.ltrans.o
                0x00002a94                UART4_RX_TX_DriverIRQHandler
 .text.UART3_RX_TX_DriverIRQHandler
                0x00002aac       0x18 /tmp/ccBbafIV.ltrans2.ltrans.o
                0x00002aac                UART3_RX_TX_DriverIRQHandler
 .text.UART2_RX_TX_DriverIRQHandler
                0x00002ac4       0x18 /tmp/ccBbafIV.ltrans2.ltrans.o
                0x00002ac4                UART2_RX_TX_DriverIRQHandler
 .text.UART1_RX_TX_DriverIRQHandler
                0x00002adc       0x18 /tmp/ccBbafIV.ltrans2.ltrans.o
                0x00002adc                UART1_RX_TX_DriverIRQHandler
 .text.UART0_RX_TX_DriverIRQHandler
                0x00002af4       0x18 /tmp/ccBbafIV.ltrans2.ltrans.o
                0x00002af4                UART0_RX_TX_DriverIRQHandler
 .text.SDHC_DriverIRQHandler
                0x00002b0c       0x1c /tmp/ccBbafIV.ltrans2.ltrans.o
                0x00002b0c                SDHC_DriverIRQHandler
 .text.I2S0_Rx_DriverIRQHandler
                0x00002b28       0x1c /tmp/ccBbafIV.ltrans2.ltrans.o
                0x00002b28                I2S0_Rx_DriverIRQHandler
 .text.I2S0_Tx_DriverIRQHandler
                0x00002b44       0x1c /tmp/ccBbafIV.ltrans2.ltrans.o
                0x00002b44                I2S0_Tx_DriverIRQHandler
 .text.DMA15_DriverIRQHandler
                0x00002b60       0x1c /tmp/ccBbafIV.ltrans2.ltrans.o
                0x00002b60                DMA15_DriverIRQHandler
 .text.DMA14_DriverIRQHandler
                0x00002b7c       0x1c /tmp/ccBbafIV.ltrans2.ltrans.o
                0x00002b7c                DMA14_DriverIRQHandler
 .text.DMA13_DriverIRQHandler
                0x00002b98       0x1c /tmp/ccBbafIV.ltrans2.ltrans.o
                0x00002b98                DMA13_DriverIRQHandler
 .text.DMA12_DriverIRQHandler
                0x00002bb4       0x1c /tmp/ccBbafIV.ltrans2.ltrans.o
                0x00002bb4                DMA12_DriverIRQHandler
 .text.DMA11_DriverIRQHandler
                0x00002bd0       0x1c /tmp/ccBbafIV.ltrans2.ltrans.o
                0x00002bd0                DMA11_DriverIRQHandler
 .text.DMA10_DriverIRQHandler
                0x00002bec       0x1c /tmp/ccBbafIV.ltrans2.ltrans.o
                0x00002bec                DMA10_DriverIRQHandler
 .text.DMA9_DriverIRQHandler
                0x00002c08       0x1c /tmp/ccBbafIV.ltrans2.ltrans.o
                0x00002c08                DMA9_DriverIRQHandler
 .text.DMA8_DriverIRQHandler
                0x00002c24       0x1c /tmp/ccBbafIV.ltrans2.ltrans.o
                0x00002c24                DMA8_DriverIRQHandler
 .text.modf     0x00002c40       0x88 /opt/Freescale/KDS_v3/toolchain/bin/../lib/gcc/arm-none-eabi/4.8.4/../../../../arm-none-eabi/lib/armv7e-m/libg_s.a(lib_a-s_modf.o)
                0x00002c40                modf
 .text.strlen   0x00002cc8       0x10 /opt/Freescale/KDS_v3/toolchain/bin/../lib/gcc/arm-none-eabi/4.8.4/../../../../arm-none-eabi/lib/armv7e-m/libg_s.a(lib_a-strlen.o)
                0x00002cc8                strlen
 .text.__errno  0x00002cd8        0xc /opt/Freescale/KDS_v3/toolchain/bin/../lib/gcc/arm-none-eabi/4.8.4/../../../../arm-none-eabi/lib/armv7e-m/libg_s.a(lib_a-errno.o)
                0x00002cd8                __errno
 .text.exit     0x00002ce4       0x28 /opt/Freescale/KDS_v3/toolchain/bin/../lib/gcc/arm-none-eabi/4.8.4/../../../../arm-none-eabi/lib/armv7e-m/libg_s.a(lib_a-exit.o)
                0x00002ce4                exit
 .text.__libc_init_array
                0x00002d0c       0x4c /opt/Freescale/KDS_v3/toolchain/bin/../lib/gcc/arm-none-eabi/4.8.4/../../../../arm-none-eabi/lib/armv7e-m/libg_s.a(lib_a-init.o)
                0x00002d0c                __libc_init_array
 .text.memset   0x00002d58       0x10 /opt/Freescale/KDS_v3/toolchain/bin/../lib/gcc/arm-none-eabi/4.8.4/../../../../arm-none-eabi/lib/armv7e-m/libg_s.a(lib_a-memset.o)
                0x00002d58                memset
 .text._exit    0x00002d68        0x4 /opt/Freescale/KDS_v3/toolchain/bin/../lib/gcc/arm-none-eabi/4.8.4/../../../../arm-none-eabi/lib/armv7e-m/libnosys.a(_exit.o)
                0x00002d68                _exit
 .text.pow      0x00002d6c      0x2f8 /opt/Freescale/KDS_v3/toolchain/bin/../lib/gcc/arm-none-eabi/4.8.4/../../../../arm-none-eabi/lib/armv7e-m/libm.a(lib_a-w_pow.o)
                0x00002d6c                pow
 *fill*         0x00003064        0x4 
 .text.__ieee754_pow
                0x00003068      0xa78 /opt/Freescale/KDS_v3/toolchain/bin/../lib/gcc/arm-none-eabi/4.8.4/../../../../arm-none-eabi/lib/armv7e-m/libm.a(lib_a-e_pow.o)
                0x00003068                __ieee754_pow
 .text.__ieee754_sqrt
                0x00003ae0      0x180 /opt/Freescale/KDS_v3/toolchain/bin/../lib/gcc/arm-none-eabi/4.8.4/../../../../arm-none-eabi/lib/armv7e-m/libm.a(lib_a-e_sqrt.o)
                0x00003ae0                __ieee754_sqrt
 .text.fabs     0x00003c60        0x8 /opt/Freescale/KDS_v3/toolchain/bin/../lib/gcc/arm-none-eabi/4.8.4/../../../../arm-none-eabi/lib/armv7e-m/libm.a(lib_a-s_fabs.o)
                0x00003c60                fabs
 .text.finite   0x00003c68        0xc /opt/Freescale/KDS_v3/toolchain/bin/../lib/gcc/arm-none-eabi/4.8.4/../../../../arm-none-eabi/lib/armv7e-m/libm.a(lib_a-s_finite.o)
                0x00003c68                finite
 .text.__fpclassifyd
                0x00003c74       0x50 /opt/Freescale/KDS_v3/toolchain/bin/../lib/gcc/arm-none-eabi/4.8.4/../../../../arm-none-eabi/lib/armv7e-m/libm.a(lib_a-s_fpclassify.o)
                0x00003c74                __fpclassifyd
 .text.matherr  0x00003cc4        0x4 /opt/Freescale/KDS_v3/toolchain/bin/../lib/gcc/arm-none-eabi/4.8.4/../../../../arm-none-eabi/lib/armv7e-m/libm.a(lib_a-s_matherr.o)
                0x00003cc4                matherr
 .text.nan      0x00003cc8        0xc /opt/Freescale/KDS_v3/toolchain/bin/../lib/gcc/arm-none-eabi/4.8.4/../../../../arm-none-eabi/lib/armv7e-m/libm.a(lib_a-s_nan.o)
                0x00003cc8                nan
 .text.rint     0x00003cd4      0x118 /opt/Freescale/KDS_v3/toolchain/bin/../lib/gcc/arm-none-eabi/4.8.4/../../../../arm-none-eabi/lib/armv7e-m/libm.a(lib_a-s_rint.o)
                0x00003cd4                rint
 *fill*         0x00003dec        0x4 
 .text.scalbn   0x00003df0      0x118 /opt/Freescale/KDS_v3/toolchain/bin/../lib/gcc/arm-none-eabi/4.8.4/../../../../arm-none-eabi/lib/armv7e-m/libm.a(lib_a-s_scalbn.o)
                0x00003df0                scalbn
 .text.copysign
                0x00003f08       0x14 /opt/Freescale/KDS_v3/toolchain/bin/../lib/gcc/arm-none-eabi/4.8.4/../../../../arm-none-eabi/lib/armv7e-m/libm.a(lib_a-s_copysign.o)
                0x00003f08                copysign
 *(.rodata)
 *(.rodata*)
 .rodata.fllFactorTable.6763.4951.4453
                0x00003f1c       0x10 /tmp/ccBbafIV.ltrans0.ltrans.o
 .rodata.str1.4
                0x00003f2c      0x1d7 /tmp/ccBbafIV.ltrans0.ltrans.o
                                0x1d8 (size before relaxing)
 *fill*         0x00004103        0x1 
 .rodata.__func__.6645.4940.4450
                0x00004104       0x18 /tmp/ccBbafIV.ltrans0.ltrans.o
 .rodata.__func__.6932.10268.4461
                0x0000411c       0x14 /tmp/ccBbafIV.ltrans0.ltrans.o
 .rodata.__func__.8280.5918.4240
                0x00004130       0x18 /tmp/ccBbafIV.ltrans1.ltrans.o
 .rodata.__func__.8284.5919.4239
                0x00004148       0x18 /tmp/ccBbafIV.ltrans1.ltrans.o
 .rodata.str1.4
                0x00004160       0x70 /tmp/ccBbafIV.ltrans1.ltrans.o
 .rodata.__func__.8288.5920.4238
                0x000041d0       0x18 /tmp/ccBbafIV.ltrans1.ltrans.o
 .rodata.__func__.7118.6964
                0x000041e8       0x10 /tmp/ccBbafIV.ltrans2.ltrans.o
                0x000041e8                __func__.7118.6964
 .rodata.__func__.7355.9445.4320
                0x000041f8       0x18 /tmp/ccBbafIV.ltrans2.ltrans.o
 .rodata.__func__.7171.8760.4371
                0x00004210       0x1c /tmp/ccBbafIV.ltrans2.ltrans.o
 .rodata.str1.4
                0x0000422c       0x66 /tmp/ccBbafIV.ltrans2.ltrans.o
                                 0x90 (size before relaxing)
 *fill*         0x00004292        0x2 
 .rodata.__func__.7167.8759.4374
                0x00004294       0x1c /tmp/ccBbafIV.ltrans2.ltrans.o
 .rodata.str1.1
                0x000042b0        0x2 /opt/Freescale/KDS_v3/toolchain/bin/../lib/gcc/arm-none-eabi/4.8.4/../../../../arm-none-eabi/lib/armv7e-m/libg_s.a(lib_a-impure.o)
 *fill*         0x000042b2        0x2 
 .rodata._global_impure_ptr
                0x000042b4        0x4 /opt/Freescale/KDS_v3/toolchain/bin/../lib/gcc/arm-none-eabi/4.8.4/../../../../arm-none-eabi/lib/armv7e-m/libg_s.a(lib_a-impure.o)
                0x000042b4                _global_impure_ptr
 .rodata.str1.4
                0x000042b8        0x4 /opt/Freescale/KDS_v3/toolchain/bin/../lib/gcc/arm-none-eabi/4.8.4/../../../../arm-none-eabi/lib/armv7e-m/libm.a(lib_a-w_pow.o)
 *fill*         0x000042bc        0x4 
 .rodata.dp_h   0x000042c0       0x10 /opt/Freescale/KDS_v3/toolchain/bin/../lib/gcc/arm-none-eabi/4.8.4/../../../../arm-none-eabi/lib/armv7e-m/libm.a(lib_a-e_pow.o)
 .rodata.dp_l   0x000042d0       0x10 /opt/Freescale/KDS_v3/toolchain/bin/../lib/gcc/arm-none-eabi/4.8.4/../../../../arm-none-eabi/lib/armv7e-m/libm.a(lib_a-e_pow.o)
 .rodata.bp     0x000042e0       0x10 /opt/Freescale/KDS_v3/toolchain/bin/../lib/gcc/arm-none-eabi/4.8.4/../../../../arm-none-eabi/lib/armv7e-m/libm.a(lib_a-e_pow.o)
 .rodata.str1.4
                0x00000000        0x4 /opt/Freescale/KDS_v3/toolchain/bin/../lib/gcc/arm-none-eabi/4.8.4/../../../../arm-none-eabi/lib/armv7e-m/libm.a(lib_a-e_pow.o)
 .rodata.TWO52  0x000042f0       0x10 /opt/Freescale/KDS_v3/toolchain/bin/../lib/gcc/arm-none-eabi/4.8.4/../../../../arm-none-eabi/lib/armv7e-m/libm.a(lib_a-s_rint.o)
 *(.glue_7)
 .glue_7        0x00000000        0x0 linker stubs
 *(.glue_7t)
 .glue_7t       0x00000000        0x0 linker stubs
 *(.eh_frame)
 .eh_frame      0x00004300        0x0 /opt/Freescale/KDS_v3/toolchain/bin/../lib/gcc/arm-none-eabi/4.8.4/armv7e-m/crtbegin.o
 *(.init)
 .init          0x00004300        0x4 /opt/Freescale/KDS_v3/toolchain/bin/../lib/gcc/arm-none-eabi/4.8.4/armv7e-m/crti.o
                0x00004300                _init
 .init          0x00004304        0x8 /opt/Freescale/KDS_v3/toolchain/bin/../lib/gcc/arm-none-eabi/4.8.4/armv7e-m/crtn.o
 *(.fini)
 .fini          0x0000430c        0x4 /opt/Freescale/KDS_v3/toolchain/bin/../lib/gcc/arm-none-eabi/4.8.4/armv7e-m/crti.o
                0x0000430c                _fini
 .fini          0x00004310        0x8 /opt/Freescale/KDS_v3/toolchain/bin/../lib/gcc/arm-none-eabi/4.8.4/armv7e-m/crtn.o
                0x00004318                . = ALIGN (0x4)

.vfp11_veneer   0x00004318        0x0
 .vfp11_veneer  0x00000000        0x0 linker stubs

.v4_bx          0x00004318        0x0
 .v4_bx         0x00000000        0x0 linker stubs

.iplt           0x00004318        0x0
 .iplt          0x00000000        0x0 /opt/Freescale/KDS_v3/toolchain/bin/../lib/gcc/arm-none-eabi/4.8.4/armv7e-m/crtbegin.o

.ARM.extab
 *(.ARM.extab* .gnu.linkonce.armextab.*)

.ARM            0x00004318        0x8
                0x00004318                __exidx_start = .
 *(.ARM.exidx*)
 .ARM.exidx     0x00004318        0x8 /opt/Freescale/KDS_v3/toolchain/bin/../lib/gcc/arm-none-eabi/4.8.4/../../../../arm-none-eabi/lib/armv7e-m/crt0.o
                0x00004320                __exidx_end = .

.rel.dyn        0x00004320        0x0
 .rel.iplt      0x00000000        0x0 /opt/Freescale/KDS_v3/toolchain/bin/../lib/gcc/arm-none-eabi/4.8.4/armv7e-m/crtbegin.o

.ctors          0x00004320        0x0
                0x00004320                __CTOR_LIST__ = .
 *crtbegin.o(.ctors)
 *crtbegin?.o(.ctors)
 *(EXCLUDE_FILE(*crtend.o *crtend?.o) .ctors)
 *(SORT(.ctors.*))
 *(.ctors)
                0x00004320                __CTOR_END__ = .

.dtors          0x00004320        0x0
                0x00004320                __DTOR_LIST__ = .
 *crtbegin.o(.dtors)
 *crtbegin?.o(.dtors)
 *(EXCLUDE_FILE(*crtend.o *crtend?.o) .dtors)
 *(SORT(.dtors.*))
 *(.dtors)
                0x00004320                __DTOR_END__ = .

.preinit_array  0x00004320        0x0
                0x00004320                PROVIDE (__preinit_array_start, .)
 *(.preinit_array*)
                0x00004320                PROVIDE (__preinit_array_end, .)

.init_array     0x00004320        0x4
                0x00004320                PROVIDE (__init_array_start, .)
 *(SORT(.init_array.*))
 *(.init_array*)
 .init_array    0x00004320        0x4 /opt/Freescale/KDS_v3/toolchain/bin/../lib/gcc/arm-none-eabi/4.8.4/armv7e-m/crtbegin.o
                0x00004324                PROVIDE (__init_array_end, .)

.fini_array     0x00004324        0x4
                0x00004324                PROVIDE (__fini_array_start, .)
 *(SORT(.fini_array.*))
 *(.fini_array*)
 .fini_array    0x00004324        0x4 /opt/Freescale/KDS_v3/toolchain/bin/../lib/gcc/arm-none-eabi/4.8.4/armv7e-m/crtbegin.o
                0x00004328                PROVIDE (__fini_array_end, .)
                0x00004328                __etext = .
                0x00004328                __DATA_ROM = .

.interrupts_ram
                0x1fff0000        0x0
                0x1fff0000                . = ALIGN (0x4)
                0x1fff0000                __VECTOR_RAM__ = .
                0x1fff0000                __interrupts_ram_start__ = .
 *(.m_interrupts_ram)
                0x1fff0000                . = (. + M_VECTOR_RAM_SIZE)
                0x1fff0000                . = ALIGN (0x4)
                0x1fff0000                __interrupts_ram_end__ = .
                0x00000000                __VECTOR_RAM = DEFINED (__ram_vector_table__)?__VECTOR_RAM__:ORIGIN (m_interrupts)
                0x00000000                __RAM_VECTOR_TABLE_SIZE_BYTES = DEFINED (__ram_vector_table__)?(__interrupts_ram_end__ - __interrupts_ram_start__):0x0

.data           0x1fff0000       0x70 load address 0x00004328
                0x1fff0000                . = ALIGN (0x4)
                0x1fff0000                __DATA_RAM = .
                0x1fff0000                __data_start__ = .
 *(.data)
 *(.data*)
 .data.SystemCoreClock
                0x1fff0000        0x4 /tmp/ccBbafIV.ltrans0.ltrans.o
 .data.impure_data
                0x1fff0004       0x60 /opt/Freescale/KDS_v3/toolchain/bin/../lib/gcc/arm-none-eabi/4.8.4/../../../../arm-none-eabi/lib/armv7e-m/libg_s.a(lib_a-impure.o)
 .data._impure_ptr
                0x1fff0064        0x4 /opt/Freescale/KDS_v3/toolchain/bin/../lib/gcc/arm-none-eabi/4.8.4/../../../../arm-none-eabi/lib/armv7e-m/libg_s.a(lib_a-impure.o)
                0x1fff0064                _impure_ptr
 .data.__fdlib_version
                0x1fff0068        0x1 /opt/Freescale/KDS_v3/toolchain/bin/../lib/gcc/arm-none-eabi/4.8.4/../../../../arm-none-eabi/lib/armv7e-m/libm.a(lib_a-s_lib_ver.o)
                0x1fff0068                __fdlib_version
 *(.jcr*)
 *fill*         0x1fff0069        0x3 
 .jcr           0x1fff006c        0x0 /opt/Freescale/KDS_v3/toolchain/bin/../lib/gcc/arm-none-eabi/4.8.4/armv7e-m/crtbegin.o
 .jcr           0x1fff006c        0x4 /opt/Freescale/KDS_v3/toolchain/bin/../lib/gcc/arm-none-eabi/4.8.4/armv7e-m/crtend.o
                0x1fff0070                . = ALIGN (0x4)
                0x1fff0070                __data_end__ = .
                0x00004398                __DATA_END = (__DATA_ROM + (__data_end__ - __data_start__))
                0x00080000                text_end = (ORIGIN (m_text) + 0x7fbec)
                0x00000001                ASSERT ((__DATA_END <= text_end), region m_text overflowed with text and data)

.igot.plt       0x1fff0070        0x0 load address 0x00004398
 .igot.plt      0x00000000        0x0 /opt/Freescale/KDS_v3/toolchain/bin/../lib/gcc/arm-none-eabi/4.8.4/armv7e-m/crtbegin.o

.bss            0x1fff0070       0x78 load address 0x00004398
                0x1fff0070                . = ALIGN (0x4)
                0x1fff0070                __START_BSS = .
                0x1fff0070                __bss_start__ = .
 *(.bss)
 .bss           0x1fff0070       0x1c /opt/Freescale/KDS_v3/toolchain/bin/../lib/gcc/arm-none-eabi/4.8.4/armv7e-m/crtbegin.o
 *(.bss*)
 .bss.ftmIsrFlag
                0x1fff008c        0x1 /tmp/ccBbafIV.ltrans0.ltrans.o
 *fill*         0x1fff008d        0x3 
 .bss.g_xtal0Freq.4428
                0x1fff0090        0x4 /tmp/ccBbafIV.ltrans0.ltrans.o
 .bss.s_debugConsole.4163.4411
                0x1fff0094       0x10 /tmp/ccBbafIV.ltrans0.ltrans.o
 .bss.s_EDMAHandle.6965
                0x1fff00a4       0x40 /tmp/ccBbafIV.ltrans2.ltrans.o
                0x1fff00a4                s_EDMAHandle.6965
 .bss.s_uartIsr.10286.4173
                0x1fff00e4        0x4 /tmp/ccBbafIV.ltrans2.ltrans.o
 *(COMMON)
                0x1fff00e8                . = ALIGN (0x4)
                0x1fff00e8                __bss_end__ = .
                0x1fff00e8                __END_BSS = .

.heap           0x20000000      0x400
                0x20000000                . = ALIGN (0x8)
                0x20000000                __end__ = .
                0x20000000                PROVIDE (end, .)
                0x20000000                __HeapBase = .
                0x20000400                . = (. + HEAP_SIZE)
 *fill*         0x20000000      0x400 
                0x20000400                __HeapLimit = .
                0x20000400                __heap_limit = .

.stack          0x20000400      0x400
                0x20000400                . = ALIGN (0x8)
                0x20000800                . = (. + STACK_SIZE)
 *fill*         0x20000400      0x400 
                0x20010000                __StackTop = (ORIGIN (m_data_2) + 0x10000)
                0x2000fc00                __StackLimit = (__StackTop - STACK_SIZE)
                0x20010000                PROVIDE (__stack, __StackTop)

.ARM.attributes
                0x00000000       0x2a
 *(.ARM.attributes)
 .ARM.attributes
                0x00000000       0x1e /opt/Freescale/KDS_v3/toolchain/bin/../lib/gcc/arm-none-eabi/4.8.4/armv7e-m/crti.o
 .ARM.attributes
                0x0000001e       0x2e /opt/Freescale/KDS_v3/toolchain/bin/../lib/gcc/arm-none-eabi/4.8.4/armv7e-m/crtbegin.o
 .ARM.attributes
                0x0000004c       0x1c /opt/Freescale/KDS_v3/toolchain/bin/../lib/gcc/arm-none-eabi/4.8.4/../../../../arm-none-eabi/lib/armv7e-m/crt0.o
 .ARM.attributes
                0x00000068       0x31 /tmp/ccBbafIV.ltrans0.ltrans.o
 .ARM.attributes
                0x00000099       0x31 /tmp/ccBbafIV.ltrans1.ltrans.o
 .ARM.attributes
                0x000000ca       0x31 /tmp/ccBbafIV.ltrans2.ltrans.o
 .ARM.attributes
                0x000000fb       0x1e /opt/Freescale/KDS_v3/toolchain/bin/../lib/gcc/arm-none-eabi/4.8.4/armv7e-m/libgcc.a(_arm_addsubdf3.o)
 .ARM.attributes
                0x00000119       0x1e /opt/Freescale/KDS_v3/toolchain/bin/../lib/gcc/arm-none-eabi/4.8.4/armv7e-m/libgcc.a(_arm_muldivdf3.o)
 .ARM.attributes
                0x00000137       0x1e /opt/Freescale/KDS_v3/toolchain/bin/../lib/gcc/arm-none-eabi/4.8.4/armv7e-m/libgcc.a(_arm_cmpdf2.o)
 .ARM.attributes
                0x00000155       0x1e /opt/Freescale/KDS_v3/toolchain/bin/../lib/gcc/arm-none-eabi/4.8.4/armv7e-m/libgcc.a(_arm_fixdfsi.o)
 .ARM.attributes
                0x00000173       0x1e /opt/Freescale/KDS_v3/toolchain/bin/../lib/gcc/arm-none-eabi/4.8.4/armv7e-m/libgcc.a(_arm_addsubsf3.o)
 .ARM.attributes
                0x00000191       0x1e /opt/Freescale/KDS_v3/toolchain/bin/../lib/gcc/arm-none-eabi/4.8.4/armv7e-m/libgcc.a(_arm_muldivsf3.o)
 .ARM.attributes
                0x000001af       0x2e /opt/Freescale/KDS_v3/toolchain/bin/../lib/gcc/arm-none-eabi/4.8.4/armv7e-m/libgcc.a(_fixdfdi.o)
 .ARM.attributes
                0x000001dd       0x2e /opt/Freescale/KDS_v3/toolchain/bin/../lib/gcc/arm-none-eabi/4.8.4/armv7e-m/libgcc.a(_fixunsdfdi.o)
 .ARM.attributes
                0x0000020b       0x1e /opt/Freescale/KDS_v3/toolchain/bin/../lib/gcc/arm-none-eabi/4.8.4/armv7e-m/libgcc.a(_arm_fixunsdfsi.o)
 .ARM.attributes
                0x00000229       0x2e /opt/Freescale/KDS_v3/toolchain/bin/../lib/gcc/arm-none-eabi/4.8.4/../../../../arm-none-eabi/lib/armv7e-m/libg_s.a(lib_a-s_modf.o)
 .ARM.attributes
                0x00000257       0x2e /opt/Freescale/KDS_v3/toolchain/bin/../lib/gcc/arm-none-eabi/4.8.4/../../../../arm-none-eabi/lib/armv7e-m/libg_s.a(lib_a-strlen.o)
 .ARM.attributes
                0x00000285       0x1b ./startup/startup_MK20D10.o
 .ARM.attributes
                0x000002a0       0x2e /opt/Freescale/KDS_v3/toolchain/bin/../lib/gcc/arm-none-eabi/4.8.4/../../../../arm-none-eabi/lib/armv7e-m/libg_s.a(lib_a-errno.o)
 .ARM.attributes
                0x000002ce       0x2e /opt/Freescale/KDS_v3/toolchain/bin/../lib/gcc/arm-none-eabi/4.8.4/../../../../arm-none-eabi/lib/armv7e-m/libg_s.a(lib_a-exit.o)
 .ARM.attributes
                0x000002fc       0x2e /opt/Freescale/KDS_v3/toolchain/bin/../lib/gcc/arm-none-eabi/4.8.4/../../../../arm-none-eabi/lib/armv7e-m/libg_s.a(lib_a-impure.o)
 .ARM.attributes
                0x0000032a       0x2e /opt/Freescale/KDS_v3/toolchain/bin/../lib/gcc/arm-none-eabi/4.8.4/../../../../arm-none-eabi/lib/armv7e-m/libg_s.a(lib_a-init.o)
 .ARM.attributes
                0x00000358       0x2e /opt/Freescale/KDS_v3/toolchain/bin/../lib/gcc/arm-none-eabi/4.8.4/../../../../arm-none-eabi/lib/armv7e-m/libg_s.a(lib_a-memset.o)
 .ARM.attributes
                0x00000386       0x2e /opt/Freescale/KDS_v3/toolchain/bin/../lib/gcc/arm-none-eabi/4.8.4/../../../../arm-none-eabi/lib/armv7e-m/libnosys.a(_exit.o)
 .ARM.attributes
                0x000003b4       0x2e /opt/Freescale/KDS_v3/toolchain/bin/../lib/gcc/arm-none-eabi/4.8.4/armv7e-m/crtend.o
 .ARM.attributes
                0x000003e2       0x1e /opt/Freescale/KDS_v3/toolchain/bin/../lib/gcc/arm-none-eabi/4.8.4/armv7e-m/crtn.o
 .ARM.attributes
                0x00000400       0x2e /opt/Freescale/KDS_v3/toolchain/bin/../lib/gcc/arm-none-eabi/4.8.4/../../../../arm-none-eabi/lib/armv7e-m/libm.a(lib_a-w_pow.o)
 .ARM.attributes
                0x0000042e       0x2e /opt/Freescale/KDS_v3/toolchain/bin/../lib/gcc/arm-none-eabi/4.8.4/../../../../arm-none-eabi/lib/armv7e-m/libm.a(lib_a-e_pow.o)
 .ARM.attributes
                0x0000045c       0x2e /opt/Freescale/KDS_v3/toolchain/bin/../lib/gcc/arm-none-eabi/4.8.4/../../../../arm-none-eabi/lib/armv7e-m/libm.a(lib_a-e_sqrt.o)
 .ARM.attributes
                0x0000048a       0x2e /opt/Freescale/KDS_v3/toolchain/bin/../lib/gcc/arm-none-eabi/4.8.4/../../../../arm-none-eabi/lib/armv7e-m/libm.a(lib_a-s_fabs.o)
 .ARM.attributes
                0x000004b8       0x2e /opt/Freescale/KDS_v3/toolchain/bin/../lib/gcc/arm-none-eabi/4.8.4/../../../../arm-none-eabi/lib/armv7e-m/libm.a(lib_a-s_finite.o)
 .ARM.attributes
                0x000004e6       0x2e /opt/Freescale/KDS_v3/toolchain/bin/../lib/gcc/arm-none-eabi/4.8.4/../../../../arm-none-eabi/lib/armv7e-m/libm.a(lib_a-s_fpclassify.o)
 .ARM.attributes
                0x00000514       0x2e /opt/Freescale/KDS_v3/toolchain/bin/../lib/gcc/arm-none-eabi/4.8.4/../../../../arm-none-eabi/lib/armv7e-m/libm.a(lib_a-s_lib_ver.o)
 .ARM.attributes
                0x00000542       0x2e /opt/Freescale/KDS_v3/toolchain/bin/../lib/gcc/arm-none-eabi/4.8.4/../../../../arm-none-eabi/lib/armv7e-m/libm.a(lib_a-s_matherr.o)
 .ARM.attributes
                0x00000570       0x2e /opt/Freescale/KDS_v3/toolchain/bin/../lib/gcc/arm-none-eabi/4.8.4/../../../../arm-none-eabi/lib/armv7e-m/libm.a(lib_a-s_nan.o)
 .ARM.attributes
                0x0000059e       0x2e /opt/Freescale/KDS_v3/toolchain/bin/../lib/gcc/arm-none-eabi/4.8.4/../../../../arm-none-eabi/lib/armv7e-m/libm.a(lib_a-s_rint.o)
 .ARM.attributes
                0x000005cc       0x2e /opt/Freescale/KDS_v3/toolchain/bin/../lib/gcc/arm-none-eabi/4.8.4/../../../../arm-none-eabi/lib/armv7e-m/libm.a(lib_a-s_scalbn.o)
 .ARM.attributes
                0x000005fa       0x2e /opt/Freescale/KDS_v3/toolchain/bin/../lib/gcc/arm-none-eabi/4.8.4/../../../../arm-none-eabi/lib/armv7e-m/libm.a(lib_a-s_copysign.o)
                0x00000001                ASSERT ((__StackLimit >= __HeapLimit), region m_data_2 overflowed with stack and heap)
OUTPUT(Capture_K20_V00_R00.elf elf32-littlearm)

.debug_info     0x00000000     0x5822
 .debug_info    0x00000000     0x369a /tmp/ccBbafIV.ltrans0.ltrans.o
 .debug_info    0x0000369a      0xf69 /tmp/ccBbafIV.ltrans1.ltrans.o
 .debug_info    0x00004603     0x11a5 /tmp/ccBbafIV.ltrans2.ltrans.o
 .debug_info    0x000057a8       0x7a ./startup/startup_MK20D10.o

.debug_abbrev   0x00000000      0xa9f
 .debug_abbrev  0x00000000      0x57e /tmp/ccBbafIV.ltrans0.ltrans.o
 .debug_abbrev  0x0000057e      0x282 /tmp/ccBbafIV.ltrans1.ltrans.o
 .debug_abbrev  0x00000800      0x28b /tmp/ccBbafIV.ltrans2.ltrans.o
 .debug_abbrev  0x00000a8b       0x14 ./startup/startup_MK20D10.o

.debug_loc      0x00000000     0x30d7
 .debug_loc     0x00000000     0x2a57 /tmp/ccBbafIV.ltrans0.ltrans.o
 .debug_loc     0x00002a57      0x680 /tmp/ccBbafIV.ltrans1.ltrans.o

.debug_aranges  0x00000000      0x1a8
 .debug_aranges
                0x00000000       0x78 /tmp/ccBbafIV.ltrans0.ltrans.o
 .debug_aranges
                0x00000078       0x70 /tmp/ccBbafIV.ltrans1.ltrans.o
 .debug_aranges
                0x000000e8       0xa0 /tmp/ccBbafIV.ltrans2.ltrans.o
 .debug_aranges
                0x00000188       0x20 ./startup/startup_MK20D10.o

.debug_ranges   0x00000000      0xbe0
 .debug_ranges  0x00000000      0x970 /tmp/ccBbafIV.ltrans0.ltrans.o
 .debug_ranges  0x00000970      0x1e0 /tmp/ccBbafIV.ltrans1.ltrans.o
 .debug_ranges  0x00000b50       0x90 /tmp/ccBbafIV.ltrans2.ltrans.o

.debug_line     0x00000000     0x1131
 .debug_line    0x00000000      0x9ce /tmp/ccBbafIV.ltrans0.ltrans.o
 .debug_line    0x000009ce      0x319 /tmp/ccBbafIV.ltrans1.ltrans.o
 .debug_line    0x00000ce7      0x2e0 /tmp/ccBbafIV.ltrans2.ltrans.o
 .debug_line    0x00000fc7      0x16a ./startup/startup_MK20D10.o

.debug_str      0x00000000     0x2527
 .debug_str     0x00000000     0x1d39 /tmp/ccBbafIV.ltrans0.ltrans.o
                               0x1deb (size before relaxing)
 .debug_str     0x00001d39      0x449 /tmp/ccBbafIV.ltrans1.ltrans.o
                                0x65e (size before relaxing)
 .debug_str     0x00002182      0x3a5 /tmp/ccBbafIV.ltrans2.ltrans.o
                                0x8ae (size before relaxing)

.comment        0x00000000       0x70
 .comment       0x00000000       0x70 /tmp/ccBbafIV.ltrans0.ltrans.o
                                 0x71 (size before relaxing)
 .comment       0x00000000       0x71 /tmp/ccBbafIV.ltrans1.ltrans.o
 .comment       0x00000000       0x71 /tmp/ccBbafIV.ltrans2.ltrans.o

.debug_frame    0x00000000      0x75c
 .debug_frame   0x00000000      0x148 /tmp/ccBbafIV.ltrans0.ltrans.o
 .debug_frame   0x00000148      0x138 /tmp/ccBbafIV.ltrans1.ltrans.o
 .debug_frame   0x00000280      0x1a8 /tmp/ccBbafIV.ltrans2.ltrans.o
 .debug_frame   0x00000428       0x2c /opt/Freescale/KDS_v3/toolchain/bin/../lib/gcc/arm-none-eabi/4.8.4/armv7e-m/libgcc.a(_fixdfdi.o)
 .debug_frame   0x00000454       0x2c /opt/Freescale/KDS_v3/toolchain/bin/../lib/gcc/arm-none-eabi/4.8.4/armv7e-m/libgcc.a(_fixunsdfdi.o)
 .debug_frame   0x00000480       0x30 /opt/Freescale/KDS_v3/toolchain/bin/../lib/gcc/arm-none-eabi/4.8.4/../../../../arm-none-eabi/lib/armv7e-m/libg_s.a(lib_a-s_modf.o)
 .debug_frame   0x000004b0       0x20 /opt/Freescale/KDS_v3/toolchain/bin/../lib/gcc/arm-none-eabi/4.8.4/../../../../arm-none-eabi/lib/armv7e-m/libg_s.a(lib_a-strlen.o)
 .debug_frame   0x000004d0       0x20 /opt/Freescale/KDS_v3/toolchain/bin/../lib/gcc/arm-none-eabi/4.8.4/../../../../arm-none-eabi/lib/armv7e-m/libg_s.a(lib_a-errno.o)
 .debug_frame   0x000004f0       0x28 /opt/Freescale/KDS_v3/toolchain/bin/../lib/gcc/arm-none-eabi/4.8.4/../../../../arm-none-eabi/lib/armv7e-m/libg_s.a(lib_a-exit.o)
 .debug_frame   0x00000518       0x2c /opt/Freescale/KDS_v3/toolchain/bin/../lib/gcc/arm-none-eabi/4.8.4/../../../../arm-none-eabi/lib/armv7e-m/libg_s.a(lib_a-init.o)
 .debug_frame   0x00000544       0x20 /opt/Freescale/KDS_v3/toolchain/bin/../lib/gcc/arm-none-eabi/4.8.4/../../../../arm-none-eabi/lib/armv7e-m/libg_s.a(lib_a-memset.o)
 .debug_frame   0x00000564       0x20 /opt/Freescale/KDS_v3/toolchain/bin/../lib/gcc/arm-none-eabi/4.8.4/../../../../arm-none-eabi/lib/armv7e-m/libnosys.a(_exit.o)
 .debug_frame   0x00000584       0x38 /opt/Freescale/KDS_v3/toolchain/bin/../lib/gcc/arm-none-eabi/4.8.4/../../../../arm-none-eabi/lib/armv7e-m/libm.a(lib_a-w_pow.o)
 .debug_frame   0x000005bc       0x38 /opt/Freescale/KDS_v3/toolchain/bin/../lib/gcc/arm-none-eabi/4.8.4/../../../../arm-none-eabi/lib/armv7e-m/libm.a(lib_a-e_pow.o)
 .debug_frame   0x000005f4       0x34 /opt/Freescale/KDS_v3/toolchain/bin/../lib/gcc/arm-none-eabi/4.8.4/../../../../arm-none-eabi/lib/armv7e-m/libm.a(lib_a-e_sqrt.o)
 .debug_frame   0x00000628       0x20 /opt/Freescale/KDS_v3/toolchain/bin/../lib/gcc/arm-none-eabi/4.8.4/../../../../arm-none-eabi/lib/armv7e-m/libm.a(lib_a-s_fabs.o)
 .debug_frame   0x00000648       0x20 /opt/Freescale/KDS_v3/toolchain/bin/../lib/gcc/arm-none-eabi/4.8.4/../../../../arm-none-eabi/lib/armv7e-m/libm.a(lib_a-s_finite.o)
 .debug_frame   0x00000668       0x28 /opt/Freescale/KDS_v3/toolchain/bin/../lib/gcc/arm-none-eabi/4.8.4/../../../../arm-none-eabi/lib/armv7e-m/libm.a(lib_a-s_fpclassify.o)
 .debug_frame   0x00000690       0x20 /opt/Freescale/KDS_v3/toolchain/bin/../lib/gcc/arm-none-eabi/4.8.4/../../../../arm-none-eabi/lib/armv7e-m/libm.a(lib_a-s_matherr.o)
 .debug_frame   0x000006b0       0x20 /opt/Freescale/KDS_v3/toolchain/bin/../lib/gcc/arm-none-eabi/4.8.4/../../../../arm-none-eabi/lib/armv7e-m/libm.a(lib_a-s_nan.o)
 .debug_frame   0x000006d0       0x34 /opt/Freescale/KDS_v3/toolchain/bin/../lib/gcc/arm-none-eabi/4.8.4/../../../../arm-none-eabi/lib/armv7e-m/libm.a(lib_a-s_rint.o)
 .debug_frame   0x00000704       0x30 /opt/Freescale/KDS_v3/toolchain/bin/../lib/gcc/arm-none-eabi/4.8.4/../../../../arm-none-eabi/lib/armv7e-m/libm.a(lib_a-s_scalbn.o)
 .debug_frame   0x00000734       0x28 /opt/Freescale/KDS_v3/toolchain/bin/../lib/gcc/arm-none-eabi/4.8.4/../../../../arm-none-eabi/lib/armv7e-m/libm.a(lib_a-s_copysign.o)
